Component: ARM Compiler 5.06 update 6 (build 750) Tool: armlink [4d35ed]

==============================================================================

Section Cross References

    startup_stm32f407xx.o(RESET) refers to startup_stm32f407xx.o(STACK) for __initial_sp
    startup_stm32f407xx.o(RESET) refers to startup_stm32f407xx.o(.text) for Reset_Handler
    startup_stm32f407xx.o(RESET) refers to stm32f4xx_it.o(i.NMI_Handler) for NMI_Handler
    startup_stm32f407xx.o(RESET) refers to stm32f4xx_it.o(i.HardFault_Handler) for HardFault_Handler
    startup_stm32f407xx.o(RESET) refers to stm32f4xx_it.o(i.MemManage_Handler) for MemManage_Handler
    startup_stm32f407xx.o(RESET) refers to stm32f4xx_it.o(i.BusFault_Handler) for BusFault_Handler
    startup_stm32f407xx.o(RESET) refers to stm32f4xx_it.o(i.UsageFault_Handler) for UsageFault_Handler
    startup_stm32f407xx.o(RESET) refers to stm32f4xx_it.o(i.SVC_Handler) for SVC_Handler
    startup_stm32f407xx.o(RESET) refers to stm32f4xx_it.o(i.DebugMon_Handler) for DebugMon_Handler
    startup_stm32f407xx.o(RESET) refers to stm32f4xx_it.o(i.PendSV_Handler) for PendSV_Handler
    startup_stm32f407xx.o(RESET) refers to stm32f4xx_it.o(i.SysTick_Handler) for SysTick_Handler
    startup_stm32f407xx.o(RESET) refers to stm32f4xx_it.o(i.DMA1_Stream1_IRQHandler) for DMA1_Stream1_IRQHandler
    startup_stm32f407xx.o(RESET) refers to stm32f4xx_it.o(i.EXTI9_5_IRQHandler) for EXTI9_5_IRQHandler
    startup_stm32f407xx.o(RESET) refers to stm32f4xx_it.o(i.TIM4_IRQHandler) for TIM4_IRQHandler
    startup_stm32f407xx.o(RESET) refers to stm32f4xx_it.o(i.EXTI15_10_IRQHandler) for EXTI15_10_IRQHandler
    startup_stm32f407xx.o(.text) refers to system_stm32f4xx.o(i.SystemInit) for SystemInit
    startup_stm32f407xx.o(.text) refers to entry.o(.ARM.Collect$$$$00000000) for __main
    main.o(i.HAL_GPIO_EXTI_Callback) refers to stm32f4xx_hal_gpio.o(i.HAL_GPIO_ReadPin) for HAL_GPIO_ReadPin
    main.o(i.HAL_GPIO_EXTI_Callback) refers to main.o(.data) for .data
    main.o(i.HAL_TIM_PeriodElapsedCallback) refers to main.o(i.position_cal) for position_cal
    main.o(i.HAL_TIM_PeriodElapsedCallback) refers to main.o(i.cal_vel_ref) for cal_vel_ref
    main.o(i.HAL_TIM_PeriodElapsedCallback) refers to main.o(i.PID_controller_wheel1) for PID_controller_wheel1
    main.o(i.HAL_TIM_PeriodElapsedCallback) refers to main.o(i.PID_controller_wheel2) for PID_controller_wheel2
    main.o(i.HAL_TIM_PeriodElapsedCallback) refers to main.o(i.PID_controller_wheel3) for PID_controller_wheel3
    main.o(i.HAL_TIM_PeriodElapsedCallback) refers to main.o(i.PID_controller_wheel4) for PID_controller_wheel4
    main.o(i.HAL_TIM_PeriodElapsedCallback) refers to main.o(.bss) for .bss
    main.o(i.HAL_TIM_PeriodElapsedCallback) refers to main.o(.data) for .data
    main.o(i.HAL_UART_RxCpltCallback) refers to atof.o(i.__hardfp_atof) for __hardfp_atof
    main.o(i.HAL_UART_RxCpltCallback) refers to d2f.o(.text) for __aeabi_d2f
    main.o(i.HAL_UART_RxCpltCallback) refers to stm32f4xx_hal_uart.o(i.HAL_UART_Receive_DMA) for HAL_UART_Receive_DMA
    main.o(i.HAL_UART_RxCpltCallback) refers to main.o(.bss) for .bss
    main.o(i.HAL_UART_RxCpltCallback) refers to main.o(.data) for .data
    main.o(i.Init_Motor1) refers to stm32f4xx_hal_gpio.o(i.HAL_GPIO_WritePin) for HAL_GPIO_WritePin
    main.o(i.Init_Motor1) refers to stm32f4xx_hal_tim.o(i.HAL_TIM_PWM_Start) for HAL_TIM_PWM_Start
    main.o(i.Init_Motor1) refers to main.o(.bss) for .bss
    main.o(i.Init_Motor2) refers to stm32f4xx_hal_gpio.o(i.HAL_GPIO_WritePin) for HAL_GPIO_WritePin
    main.o(i.Init_Motor2) refers to stm32f4xx_hal_tim.o(i.HAL_TIM_PWM_Start) for HAL_TIM_PWM_Start
    main.o(i.Init_Motor2) refers to main.o(.bss) for .bss
    main.o(i.Init_Motor3) refers to stm32f4xx_hal_gpio.o(i.HAL_GPIO_WritePin) for HAL_GPIO_WritePin
    main.o(i.Init_Motor3) refers to stm32f4xx_hal_tim.o(i.HAL_TIM_PWM_Start) for HAL_TIM_PWM_Start
    main.o(i.Init_Motor3) refers to main.o(.bss) for .bss
    main.o(i.Init_Motor4) refers to stm32f4xx_hal_gpio.o(i.HAL_GPIO_WritePin) for HAL_GPIO_WritePin
    main.o(i.Init_Motor4) refers to stm32f4xx_hal_tim.o(i.HAL_TIM_PWM_Start) for HAL_TIM_PWM_Start
    main.o(i.Init_Motor4) refers to main.o(.bss) for .bss
    main.o(i.MX_GPIO_Init) refers to memseta.o(.text) for __aeabi_memclr4
    main.o(i.MX_GPIO_Init) refers to stm32f4xx_hal_gpio.o(i.HAL_GPIO_WritePin) for HAL_GPIO_WritePin
    main.o(i.MX_GPIO_Init) refers to stm32f4xx_hal_gpio.o(i.HAL_GPIO_Init) for HAL_GPIO_Init
    main.o(i.MX_GPIO_Init) refers to stm32f4xx_hal_cortex.o(i.HAL_NVIC_SetPriority) for HAL_NVIC_SetPriority
    main.o(i.MX_GPIO_Init) refers to stm32f4xx_hal_cortex.o(i.HAL_NVIC_EnableIRQ) for HAL_NVIC_EnableIRQ
    main.o(i.MX_TIM12_Init) refers to memseta.o(.text) for __aeabi_memclr4
    main.o(i.MX_TIM12_Init) refers to stm32f4xx_hal_tim.o(i.HAL_TIM_PWM_Init) for HAL_TIM_PWM_Init
[...]
    Removing stm32f4xx_hal_dma.o(.revsh_text), (4 bytes).
    Removing stm32f4xx_hal_dma.o(.rrx_text), (6 bytes).
    Removing stm32f4xx_hal_dma.o(i.HAL_DMA_Abort), (146 bytes).
    Removing stm32f4xx_hal_dma.o(i.HAL_DMA_Abort_IT), (36 bytes).
    Removing stm32f4xx_hal_dma.o(i.HAL_DMA_DeInit), (98 bytes).
    Removing stm32f4xx_hal_dma.o(i.HAL_DMA_GetError), (4 bytes).
    Removing stm32f4xx_hal_dma.o(i.HAL_DMA_GetState), (6 bytes).
    Removing stm32f4xx_hal_dma.o(i.HAL_DMA_PollForTransfer), (288 bytes).
    Removing stm32f4xx_hal_dma.o(i.HAL_DMA_RegisterCallback), (80 bytes).
    Removing stm32f4xx_hal_dma.o(i.HAL_DMA_Start), (70 bytes).
    Removing stm32f4xx_hal_dma.o(i.HAL_DMA_UnRegisterCallback), (96 bytes).
    Removing stm32f4xx_hal_pwr.o(.rev16_text), (4 bytes).
    Removing stm32f4xx_hal_pwr.o(.revsh_text), (4 bytes).
    Removing stm32f4xx_hal_pwr.o(.rrx_text), (6 bytes).
    Removing stm32f4xx_hal_pwr.o(i.HAL_PWR_ConfigPVD), (124 bytes).
    Removing stm32f4xx_hal_pwr.o(i.HAL_PWR_DeInit), (24 bytes).
    Removing stm32f4xx_hal_pwr.o(i.HAL_PWR_DisableBkUpAccess), (24 bytes).
    Removing stm32f4xx_hal_pwr.o(i.HAL_PWR_DisablePVD), (12 bytes).
    Removing stm32f4xx_hal_pwr.o(i.HAL_PWR_DisableSEVOnPend), (16 bytes).
    Removing stm32f4xx_hal_pwr.o(i.HAL_PWR_DisableSleepOnExit), (16 bytes).
    Removing stm32f4xx_hal_pwr.o(i.HAL_PWR_DisableWakeUpPin), (16 bytes).
    Removing stm32f4xx_hal_pwr.o(i.HAL_PWR_EnableBkUpAccess), (24 bytes).
    Removing stm32f4xx_hal_pwr.o(i.HAL_PWR_EnablePVD), (12 bytes).
    Removing stm32f4xx_hal_pwr.o(i.HAL_PWR_EnableSEVOnPend), (16 bytes).
    Removing stm32f4xx_hal_pwr.o(i.HAL_PWR_EnableSleepOnExit), (16 bytes).
    Removing stm32f4xx_hal_pwr.o(i.HAL_PWR_EnableWakeUpPin), (16 bytes).
    Removing stm32f4xx_hal_pwr.o(i.HAL_PWR_EnterSLEEPMode), (32 bytes).
    Removing stm32f4xx_hal_pwr.o(i.HAL_PWR_EnterSTANDBYMode), (32 bytes).
    Removing stm32f4xx_hal_pwr.o(i.HAL_PWR_EnterSTOPMode), (56 bytes).
    Removing stm32f4xx_hal_pwr.o(i.HAL_PWR_PVDCallback), (2 bytes).
    Removing stm32f4xx_hal_pwr.o(i.HAL_PWR_PVD_IRQHandler), (28 bytes).
    Removing stm32f4xx_hal_pwr_ex.o(.rev16_text), (4 bytes).
    Removing stm32f4xx_hal_pwr_ex.o(.revsh_text), (4 bytes).
    Removing stm32f4xx_hal_pwr_ex.o(.rrx_text), (6 bytes).
    Removing stm32f4xx_hal_pwr_ex.o(i.HAL_PWREx_ControlVoltageScaling), (88 bytes).
    Removing stm32f4xx_hal_pwr_ex.o(i.HAL_PWREx_DisableBkUpReg), (60 bytes).
    Removing stm32f4xx_hal_pwr_ex.o(i.HAL_PWREx_DisableFlashPowerDown), (12 bytes).
    Removing stm32f4xx_hal_pwr_ex.o(i.HAL_PWREx_EnableBkUpReg), (60 bytes).
    Removing stm32f4xx_hal_pwr_ex.o(i.HAL_PWREx_EnableFlashPowerDown), (12 bytes).
    Removing stm32f4xx_hal_pwr_ex.o(i.HAL_PWREx_GetVoltageRange), (16 bytes).
    Removing stm32f4xx_hal_cortex.o(.rev16_text), (4 bytes).
    Removing stm32f4xx_hal_cortex.o(.revsh_text), (4 bytes).
    Removing stm32f4xx_hal_cortex.o(.rrx_text), (6 bytes).
    Removing stm32f4xx_hal_cortex.o(i.HAL_MPU_ConfigRegion), (84 bytes).
    Removing stm32f4xx_hal_cortex.o(i.HAL_MPU_Disable), (28 bytes).
    Removing stm32f4xx_hal_cortex.o(i.HAL_MPU_Enable), (36 bytes).
    Removing stm32f4xx_hal_cortex.o(i.HAL_NVIC_ClearPendingIRQ), (26 bytes).
    Removing stm32f4xx_hal_cortex.o(i.HAL_NVIC_DisableIRQ), (34 bytes).
    Removing stm32f4xx_hal_cortex.o(i.HAL_NVIC_GetActive), (36 bytes).
    Removing stm32f4xx_hal_cortex.o(i.HAL_NVIC_GetPendingIRQ), (36 bytes).
    Removing stm32f4xx_hal_cortex.o(i.HAL_NVIC_GetPriority), (82 bytes).
    Removing stm32f4xx_hal_cortex.o(i.HAL_NVIC_GetPriorityGrouping), (16 bytes).
    Removing stm32f4xx_hal_cortex.o(i.HAL_NVIC_SetPendingIRQ), (26 bytes).
    Removing stm32f4xx_hal_cortex.o(i.HAL_NVIC_SystemReset), (36 bytes).
    Removing stm32f4xx_hal_cortex.o(i.HAL_SYSTICK_CLKSourceConfig), (24 bytes).
    Removing stm32f4xx_hal_cortex.o(i.HAL_SYSTICK_Callback), (2 bytes).
    Removing stm32f4xx_hal_cortex.o(i.HAL_SYSTICK_IRQHandler), (8 bytes).
    Removing stm32f4xx_hal.o(.rev16_text), (4 bytes).
    Removing stm32f4xx_hal.o(.revsh_text), (4 bytes).
    Removing stm32f4xx_hal.o(.rrx_text), (6 bytes).
    Removing stm32f4xx_hal.o(i.HAL_DBGMCU_DisableDBGSleepMode), (16 bytes).
    Removing stm32f4xx_hal.o(i.HAL_DBGMCU_DisableDBGStandbyMode), (16 bytes).
    Removing stm32f4xx_hal.o(i.HAL_DBGMCU_DisableDBGStopMode), (16 bytes).
    Removing stm32f4xx_hal.o(i.HAL_DBGMCU_EnableDBGSleepMode), (16 bytes).
    Removing stm32f4xx_hal.o(i.HAL_DBGMCU_EnableDBGStandbyMode), (16 bytes).
    Removing stm32f4xx_hal.o(i.HAL_DBGMCU_EnableDBGStopMode), (16 bytes).
    Removing stm32f4xx_hal.o(i.HAL_DeInit), (52 bytes).
    Removing stm32f4xx_hal.o(i.HAL_Delay), (36 bytes).
    Removing stm32f4xx_hal.o(i.HAL_DisableCompensationCell), (12 bytes).
    Removing stm32f4xx_hal.o(i.HAL_EnableCompensationCell), (12 bytes).
    Removing stm32f4xx_hal.o(i.HAL_GetDEVID), (16 bytes).
    Removing stm32f4xx_hal.o(i.HAL_GetHalVersion), (8 bytes).
    Removing stm32f4xx_hal.o(i.HAL_GetREVID), (12 bytes).
    Removing stm32f4xx_hal.o(i.HAL_GetTickFreq), (12 bytes).
    Removing stm32f4xx_hal.o(i.HAL_GetTickPrio), (12 bytes).
    Removing stm32f4xx_hal.o(i.HAL_GetUIDw0), (12 bytes).
    Removing stm32f4xx_hal.o(i.HAL_GetUIDw1), (12 bytes).
    Removing stm32f4xx_hal.o(i.HAL_GetUIDw2), (12 bytes).
    Removing stm32f4xx_hal.o(i.HAL_MspDeInit), (2 bytes).
    Removing stm32f4xx_hal.o(i.HAL_MspInit), (2 bytes).
    Removing stm32f4xx_hal.o(i.HAL_ResumeTick), (14 bytes).
    Removing stm32f4xx_hal.o(i.HAL_SetTickFreq), (36 bytes).
    Removing stm32f4xx_hal.o(i.HAL_SuspendTick), (14 bytes).
    Removing stm32f4xx_hal_exti.o(.rev16_text), (4 bytes).
    Removing stm32f4xx_hal_exti.o(.revsh_text), (4 bytes).
    Removing stm32f4xx_hal_exti.o(.rrx_text), (6 bytes).
    Removing stm32f4xx_hal_exti.o(i.HAL_EXTI_ClearConfigLine), (108 bytes).
    Removing stm32f4xx_hal_exti.o(i.HAL_EXTI_ClearPending), (20 bytes).
    Removing stm32f4xx_hal_exti.o(i.HAL_EXTI_GenerateSWI), (20 bytes).
    Removing stm32f4xx_hal_exti.o(i.HAL_EXTI_GetConfigLine), (148 bytes).
    Removing stm32f4xx_hal_exti.o(i.HAL_EXTI_GetHandle), (12 bytes).
    Removing stm32f4xx_hal_exti.o(i.HAL_EXTI_GetPending), (24 bytes).
    Removing stm32f4xx_hal_exti.o(i.HAL_EXTI_IRQHandler), (36 bytes).
    Removing stm32f4xx_hal_exti.o(i.HAL_EXTI_RegisterCallback), (14 bytes).
    Removing stm32f4xx_hal_exti.o(i.HAL_EXTI_SetConfigLine), (168 bytes).
    Removing stm32f4xx_hal_uart.o(.rev16_text), (4 bytes).
    Removing stm32f4xx_hal_uart.o(.revsh_text), (4 bytes).
    Removing stm32f4xx_hal_uart.o(.rrx_text), (6 bytes).
    Removing stm32f4xx_hal_uart.o(i.HAL_HalfDuplex_EnableReceiver), (50 bytes).
    Removing stm32f4xx_hal_uart.o(i.HAL_HalfDuplex_EnableTransmitter), (50 bytes).
    Removing stm32f4xx_hal_uart.o(i.HAL_HalfDuplex_Init), (108 bytes).
    Removing stm32f4xx_hal_uart.o(i.HAL_LIN_Init), (128 bytes).
    Removing stm32f4xx_hal_uart.o(i.HAL_LIN_SendBreak), (60 bytes).
    Removing stm32f4xx_hal_uart.o(i.HAL_MultiProcessor_EnterMuteMode), (60 bytes).
    Removing stm32f4xx_hal_uart.o(i.HAL_MultiProcessor_ExitMuteMode), (60 bytes).
    Removing stm32f4xx_hal_uart.o(i.HAL_MultiProcessor_Init), (142 bytes).
    Removing stm32f4xx_hal_uart.o(i.HAL_UARTEx_ReceiveToIdle), (254 bytes).
    Removing stm32f4xx_hal_uart.o(i.HAL_UARTEx_ReceiveToIdle_DMA), (86 bytes).
    Removing stm32f4xx_hal_uart.o(i.HAL_UARTEx_ReceiveToIdle_IT), (86 bytes).
    Removing stm32f4xx_hal_uart.o(i.HAL_UART_Abort), (210 bytes).
    Removing stm32f4xx_hal_uart.o(i.HAL_UART_AbortCpltCallback), (2 bytes).
    Removing stm32f4xx_hal_uart.o(i.HAL_UART_AbortReceive), (148 bytes).
    Removing stm32f4xx_hal_uart.o(i.HAL_UART_AbortReceiveCpltCallback), (2 bytes).
    Removing stm32f4xx_hal_uart.o(i.HAL_UART_AbortReceive_IT), (152 bytes).
    Removing stm32f4xx_hal_uart.o(i.HAL_UART_AbortTransmit), (98 bytes).
    Removing stm32f4xx_hal_uart.o(i.HAL_UART_AbortTransmitCpltCallback), (2 bytes).
    Removing stm32f4xx_hal_uart.o(i.HAL_UART_AbortTransmit_IT), (104 bytes).
    Removing stm32f4xx_hal_uart.o(i.HAL_UART_Abort_IT), (244 bytes).
    Removing stm32f4xx_hal_uart.o(i.HAL_UART_DMAPause), (146 bytes).
    Removing stm32f4xx_hal_uart.o(i.HAL_UART_DMAResume), (136 bytes).
    Removing stm32f4xx_hal_uart.o(i.HAL_UART_DMAStop), (112 bytes).
    Removing stm32f4xx_hal_uart.o(i.HAL_UART_DeInit), (52 bytes).
    Removing stm32f4xx_hal_uart.o(i.HAL_UART_GetError), (4 bytes).
    Removing stm32f4xx_hal_uart.o(i.HAL_UART_GetState), (10 bytes).
    Removing stm32f4xx_hal_uart.o(i.HAL_UART_IRQHandler), (616 bytes).
    Removing stm32f4xx_hal_uart.o(i.HAL_UART_MspDeInit), (2 bytes).
    Removing stm32f4xx_hal_uart.o(i.HAL_UART_MspInit), (2 bytes).
    Removing stm32f4xx_hal_uart.o(i.HAL_UART_Receive), (192 bytes).
    Removing stm32f4xx_hal_uart.o(i.HAL_UART_Receive_IT), (42 bytes).
    Removing stm32f4xx_hal_uart.o(i.HAL_UART_RxCpltCallback), (2 bytes).
    Removing stm32f4xx_hal_uart.o(i.HAL_UART_Transmit), (178 bytes).
    Removing stm32f4xx_hal_uart.o(i.HAL_UART_Transmit_DMA), (140 bytes).
    Removing stm32f4xx_hal_uart.o(i.HAL_UART_Transmit_IT), (62 bytes).
    Removing stm32f4xx_hal_uart.o(i.HAL_UART_TxCpltCallback), (2 bytes).
    Removing stm32f4xx_hal_uart.o(i.HAL_UART_TxHalfCpltCallback), (2 bytes).
    Removing stm32f4xx_hal_uart.o(i.UART_DMAAbortOnError), (16 bytes).
    Removing stm32f4xx_hal_uart.o(i.UART_DMARxAbortCallback), (44 bytes).
    Removing stm32f4xx_hal_uart.o(i.UART_DMARxOnlyAbortCallback), (22 bytes).
    Removing stm32f4xx_hal_uart.o(i.UART_DMATransmitCplt), (66 bytes).
    Removing stm32f4xx_hal_uart.o(i.UART_DMATxAbortCallback), (44 bytes).
    Removing stm32f4xx_hal_uart.o(i.UART_DMATxHalfCplt), (10 bytes).
    Removing stm32f4xx_hal_uart.o(i.UART_DMATxOnlyAbortCallback), (20 bytes).
    Removing stm32f4xx_hal_uart.o(i.UART_Receive_IT), (192 bytes).
    Removing stm32f4xx_hal_uart.o(i.UART_Start_Receive_IT), (54 bytes).
    Removing stm32f4xx_hal_uart.o(i.UART_WaitOnFlagUntilTimeout), (120 bytes).
    Removing system_stm32f4xx.o(.rev16_text), (4 bytes).
    Removing system_stm32f4xx.o(.revsh_text), (4 bytes).
    Removing system_stm32f4xx.o(.rrx_text), (6 bytes).
    Removing system_stm32f4xx.o(i.SystemCoreClockUpdate), (124 bytes).

377 unused section(s) (total 29133 bytes) removed from the image.

==============================================================================

Image Symbol Table

    Local Symbols

    Symbol Name                              Value     Ov Type        Size  Object(Section)

    ../Core/Src/main.c                       0x00000000   Number         0  main.o ABSOLUTE
    ../Core/Src/stm32f4xx_hal_msp.c          0x00000000   Number         0  stm32f4xx_hal_msp.o ABSOLUTE
    ../Core/Src/stm32f4xx_it.c               0x00000000   Number         0  stm32f4xx_it.o ABSOLUTE
    ../Core/Src/system_stm32f4xx.c           0x00000000   Number         0  system_stm32f4xx.o ABSOLUTE
    ../Drivers/STM32F4xx_HAL_Driver/Src/stm32f4xx_hal.c 0x00000000   Number         0  stm32f4xx_hal.o ABSOLUTE
    ../Drivers/STM32F4xx_HAL_Driver/Src/stm32f4xx_hal_cortex.c 0x00000000   Number         0  stm32f4xx_hal_cortex.o ABSOLUTE
    ../Drivers/STM32F4xx_HAL_Driver/Src/stm32f4xx_hal_dma.c 0x00000000   Number         0  stm32f4xx_hal_dma.o ABSOLUTE
    ../Drivers/STM32F4xx_HAL_Driver/Src/stm32f4xx_hal_dma_ex.c 0x00000000   Number         0  stm32f4xx_hal_dma_ex.o ABSOLUTE
    ../Drivers/STM32F4xx_HAL_Driver/Src/stm32f4xx_hal_exti.c 0x00000000   Number         0  stm32f4xx_hal_exti.o ABSOLUTE
    ../Drivers/STM32F4xx_HAL_Driver/Src/stm32f4xx_hal_flash.c 0x00000000   Number         0  stm32f4xx_hal_flash.o ABSOLUTE
    ../Drivers/STM32F4xx_HAL_Driver/Src/stm32f4xx_hal_flash_ex.c 0x00000000   Number         0  stm32f4xx_hal_flash_ex.o ABSOLUTE
    ../Drivers/STM32F4xx_HAL_Driver/Src/stm32f4xx_hal_flash_ramfunc.c 0x00000000   Number         0  stm32f4xx_hal_flash_ramfunc.o ABSOLUTE
    ../Drivers/STM32F4xx_HAL_Driver/Src/stm32f4xx_hal_gpio.c 0x00000000   Number         0  stm32f4xx_hal_gpio.o ABSOLUTE
    ../Drivers/STM32F4xx_HAL_Driver/Src/stm32f4xx_hal_pwr.c 0x00000000   Number         0  stm32f4xx_hal_pwr.o ABSOLUTE
    ../Drivers/STM32F4xx_HAL_Driver/Src/stm32f4xx_hal_pwr_ex.c 0x00000000   Number         0  stm32f4xx_hal_pwr_ex.o ABSOLUTE
    ../Drivers/STM32F4xx_HAL_Driver/Src/stm32f4xx_hal_rcc.c 0x00000000   Number         0  stm32f4xx_hal_rcc.o ABSOLUTE
    ../Drivers/STM32F4xx_HAL_Driver/Src/stm32f4xx_hal_rcc_ex.c 0x00000000   Number         0  stm32f4xx_hal_rcc_ex.o ABSOLUTE
    ../Drivers/STM32F4xx_HAL_Driver/Src/stm32f4xx_hal_tim.c 0x00000000   Number         0  stm32f4xx_hal_tim.o ABSOLUTE
    ../Drivers/STM32F4xx_HAL_Driver/Src/stm32f4xx_hal_tim_ex.c 0x00000000   Number         0  stm32f4xx_hal_tim_ex.o ABSOLUTE
    ../Drivers/STM32F4xx_HAL_Driver/Src/stm32f4xx_hal_uart.c 0x00000000   Number         0  stm32f4xx_hal_uart.o ABSOLUTE
    ../clib/../cmprslib/zerorunl.c           0x00000000   Number         0  __dczerorl.o ABSOLUTE
    ../clib/microlib/ctype/ctype.c           0x00000000   Number         0  ctype_c.o ABSOLUTE
    ../clib/microlib/ctype/ctype.c           0x00000000   Number         0  isspace_c.o ABSOLUTE
    ../clib/microlib/division.c              0x00000000   Number         0  uldiv.o ABSOLUTE
    ../clib/microlib/errno.c                 0x00000000   Number         0  errno.o ABSOLUTE
    ../clib/microlib/init/entry.s            0x00000000   Number         0  entry8a.o ABSOLUTE
    ../clib/microlib/init/entry.s            0x00000000   Number         0  entry7b.o ABSOLUTE
    ../clib/microlib/init/entry.s            0x00000000   Number         0  entry7a.o ABSOLUTE
    ../clib/microlib/init/entry.s            0x00000000   Number         0  entry5.o ABSOLUTE
    ../clib/microlib/init/entry.s            0x00000000   Number         0  entry2.o ABSOLUTE
    ../clib/microlib/init/entry.s            0x00000000   Number         0  entry.o ABSOLUTE
    ../clib/microlib/init/entry.s            0x00000000   Number         0  entry8b.o ABSOLUTE
    ../clib/microlib/init/entry.s            0x00000000   Number         0  entry11b.o ABSOLUTE
    ../clib/microlib/init/entry.s            0x00000000   Number         0  entry11a.o ABSOLUTE
    ../clib/microlib/init/entry.s            0x00000000   Number         0  entry10b.o ABSOLUTE
    ../clib/microlib/init/entry.s            0x00000000   Number         0  entry10a.o ABSOLUTE
    ../clib/microlib/init/entry.s            0x00000000   Number         0  entry9b.o ABSOLUTE
    ../clib/microlib/init/entry.s            0x00000000   Number         0  entry9a.o ABSOLUTE
    ../clib/microlib/longlong.c              0x00000000   Number         0  llsshr.o ABSOLUTE
    ../clib/microlib/longlong.c              0x00000000   Number         0  llushr.o ABSOLUTE
    ../clib/microlib/longlong.c              0x00000000   Number         0  llshl.o ABSOLUTE
    ../clib/microlib/string/memset.c         0x00000000   Number         0  memseta.o ABSOLUTE
    ../clib/microlib/stubs.s                 0x00000000   Number         0  iusefp.o ABSOLUTE
    ../clib/scanf.c                          0x00000000   Number         0  strtod.o ABSOLUTE
    ../clib/scanf.c                          0x00000000   Number         0  _sgetc.o ABSOLUTE
    ../clib/scanf.c                          0x00000000   Number         0  scanf_fp.o ABSOLUTE
    ../fplib/microlib/d2f.c                  0x00000000   Number         0  d2f.o ABSOLUTE
    ../fplib/microlib/f2d.c                  0x00000000   Number         0  f2d.o ABSOLUTE
    ../fplib/microlib/fpadd.c                0x00000000   Number         0  dadd.o ABSOLUTE
    ../fplib/microlib/fpdiv.c                0x00000000   Number         0  ddiv.o ABSOLUTE
    ../fplib/microlib/fpepilogue.c           0x00000000   Number         0  depilogue.o ABSOLUTE
    ../fplib/microlib/fpepilogue.c           0x00000000   Number         0  fepilogue.o ABSOLUTE
    ../fplib/microlib/fpflt.c                0x00000000   Number         0  dfltul.o ABSOLUTE
    ../fplib/microlib/fpmul.c                0x00000000   Number         0  dmul.o ABSOLUTE
    ../mathlib/atof.c                        0x00000000   Number         0  atof.o ABSOLUTE
    ..\Core\Src\main.c                       0x00000000   Number         0  main.o ABSOLUTE
    ..\Core\Src\stm32f4xx_hal_msp.c          0x00000000   Number         0  stm32f4xx_hal_msp.o ABSOLUTE
    ..\Core\Src\stm32f4xx_it.c               0x00000000   Number         0  stm32f4xx_it.o ABSOLUTE
    ..\Core\Src\system_stm32f4xx.c           0x00000000   Number         0  system_stm32f4xx.o ABSOLUTE
    ..\Drivers\STM32F4xx_HAL_Driver\Src\stm32f4xx_hal.c 0x00000000   Number         0  stm32f4xx_hal.o ABSOLUTE
    ..\Drivers\STM32F4xx_HAL_Driver\Src\stm32f4xx_hal_cortex.c 0x00000000   Number         0  stm32f4xx_hal_cortex.o ABSOLUTE
    ..\Drivers\STM32F4xx_HAL_Driver\Src\stm32f4xx_hal_dma.c 0x00000000   Number         0  stm32f4xx_hal_dma.o ABSOLUTE
    ..\Drivers\STM32F4xx_HAL_Driver\Src\stm32f4xx_hal_dma_ex.c 0x00000000   Number         0  stm32f4xx_hal_dma_ex.o ABSOLUTE
    ..\Drivers\STM32F4xx_HAL_Driver\Src\stm32f4xx_hal_exti.c 0x00000000   Number         0  stm32f4xx_hal_exti.o ABSOLUTE
    ..\Drivers\STM32F4xx_HAL_Driver\Src\stm32f4xx_hal_flash.c 0x00000000   Number         0  stm32f4xx_hal_flash.o ABSOLUTE
    ..\Drivers\STM32F4xx_HAL_Driver\Src\stm32f4xx_hal_flash_ex.c 0x00000000   Number         0  stm32f4xx_hal_flash_ex.o ABSOLUTE
    ..\Drivers\STM32F4xx_HAL_Driver\Src\stm32f4xx_hal_flash_ramfunc.c 0x00000000   Number         0  stm32f4xx_hal_flash_ramfunc.o ABSOLUTE
    ..\Drivers\STM32F4xx_HAL_Driver\Src\stm32f4xx_hal_gpio.c 0x00000000   Number         0  stm32f4xx_hal_gpio.o ABSOLUTE
    ..\Drivers\STM32F4xx_HAL_Driver\Src\stm32f4xx_hal_pwr.c 0x00000000   Number         0  stm32f4xx_hal_pwr.o ABSOLUTE
    ..\Drivers\STM32F4xx_HAL_Driver\Src\stm32f4xx_hal_pwr_ex.c 0x00000000   Number         0  stm32f4xx_hal_pwr_ex.o ABSOLUTE
    ..\Drivers\STM32F4xx_HAL_Driver\Src\stm32f4xx_hal_rcc.c 0x00000000   Number         0  stm32f4xx_hal_rcc.o ABSOLUTE
    ..\Drivers\STM32F4xx_HAL_Driver\Src\stm32f4xx_hal_rcc_ex.c 0x00000000   Number         0  stm32f4xx_hal_rcc_ex.o ABSOLUTE
    ..\Drivers\STM32F4xx_HAL_Driver\Src\stm32f4xx_hal_tim.c 0x00000000   Number         0  stm32f4xx_hal_tim.o ABSOLUTE
    ..\Drivers\STM32F4xx_HAL_Driver\Src\stm32f4xx_hal_tim_ex.c 0x00000000   Number         0  stm32f4xx_hal_tim_ex.o ABSOLUTE
    ..\Drivers\STM32F4xx_HAL_Driver\Src\stm32f4xx_hal_uart.c 0x00000000   Number         0  stm32f4xx_hal_uart.o ABSOLUTE
    dc.s                                     0x00000000   Number         0  dc.o ABSOLUTE
    handlers.s                               0x00000000   Number         0  handlers.o ABSOLUTE
    init.s                                   0x00000000   Number         0  init.o ABSOLUTE
    startup_stm32f407xx.s                    0x00000000   Number         0  startup_stm32f407xx.o ABSOLUTE
    RESET                                    0x08000000   Section      392  startup_stm32f407xx.o(RESET)
    .ARM.Collect$$$$00000000                 0x08000188   Section        0  entry.o(.ARM.Collect$$$$00000000)
    .ARM.Collect$$$$00000001                 0x08000188   Section        4  entry2.o(.ARM.Collect$$$$00000001)
    .ARM.Collect$$$$00000004                 0x0800018c   Section        4  entry5.o(.ARM.Collect$$$$00000004)
    .ARM.Collect$$$$00000008                 0x08000190   Section        0  entry7b.o(.ARM.Collect$$$$00000008)
    .ARM.Collect$$$$0000000A                 0x08000190   Section        0  entry8b.o(.ARM.Collect$$$$0000000A)
    .ARM.Collect$$$$0000000B                 0x08000190   Section        8  entry9a.o(.ARM.Collect$$$$0000000B)
    .ARM.Collect$$$$0000000D                 0x08000198   Section        0  entry10a.o(.ARM.Collect$$$$0000000D)
    .ARM.Collect$$$$0000000F                 0x08000198   Section        0  entry11a.o(.ARM.Collect$$$$0000000F)
    .ARM.Collect$$$$00002712                 0x08000198   Section        4  entry2.o(.ARM.Collect$$$$00002712)
    __lit__00000000                          0x08000198   Data           4  entry2.o(.ARM.Collect$$$$00002712)
    .text                                    0x0800019c   Section       36  startup_stm32f407xx.o(.text)
    $v0                                      0x0800019c   Number         0  startup_stm32f407xx.o(.text)
    .text                                    0x080001c0   Section        0  uldiv.o(.text)
    .text                                    0x08000222   Section        0  memseta.o(.text)
    .text                                    0x08000246   Section        0  dadd.o(.text)
    .text                                    0x08000394   Section        0  dmul.o(.text)
    .text                                    0x08000478   Section        0  f2d.o(.text)
    .text                                    0x0800049e   Section        0  d2f.o(.text)
    .text                                    0x080004d6   Section        0  llshl.o(.text)
    .text                                    0x080004f4   Section        0  llushr.o(.text)
    .text                                    0x08000514   Section        0  llsshr.o(.text)
    .text                                    0x08000538   Section        0  strtod.o(.text)
    _local_sscanf                            0x08000539   Thumb Code    54  strtod.o(.text)
    .text                                    0x080005d4   Section        0  iusefp.o(.text)
    .text                                    0x080005d4   Section        0  fepilogue.o(.text)
    .text                                    0x08000642   Section        0  depilogue.o(.text)
    .text                                    0x080006fc   Section       36  init.o(.text)
    .text                                    0x08000720   Section        0  isspace_c.o(.text)
    .text                                    0x0800072c   Section        0  scanf_fp.o(.text)
    _fp_value                                0x0800072d   Thumb Code   296  scanf_fp.o(.text)
    .text                                    0x08000a8c   Section        0  _sgetc.o(.text)
    .text                                    0x08000acc   Section        0  ctype_c.o(.text)
    .text                                    0x08000af4   Section        0  ddiv.o(.text)
    .text                                    0x08000bd2   Section        0  dfltul.o(.text)
    .text                                    0x08000bea   Section        0  __dczerorl.o(.text)
    i.BusFault_Handler                       0x08000c24   Section        0  stm32f4xx_it.o(i.BusFault_Handler)
    i.DMA1_Stream1_IRQHandler                0x08000c28   Section        0  stm32f4xx_it.o(i.DMA1_Stream1_IRQHandler)
    i.DMA_CalcBaseAndBitshift                0x08000c34   Section        0  stm32f4xx_hal_dma.o(i.DMA_CalcBaseAndBitshift)
    DMA_CalcBaseAndBitshift                  0x08000c35   Thumb Code    34  stm32f4xx_hal_dma.o(i.DMA_CalcBaseAndBitshift)
    i.DMA_CheckFifoParam                     0x08000c5c   Section        0  stm32f4xx_hal_dma.o(i.DMA_CheckFifoParam)
    DMA_CheckFifoParam                       0x08000c5d   Thumb Code    84  stm32f4xx_hal_dma.o(i.DMA_CheckFifoParam)
    i.DMA_SetConfig                          0x08000cb0   Section        0  stm32f4xx_hal_dma.o(i.DMA_SetConfig)
    DMA_SetConfig                            0x08000cb1   Thumb Code    40  stm32f4xx_hal_dma.o(i.DMA_SetConfig)
    i.DebugMon_Handler                       0x08000cd8   Section        0  stm32f4xx_it.o(i.DebugMon_Handler)
    i.EXTI15_10_IRQHandler                   0x08000cda   Section        0  stm32f4xx_it.o(i.EXTI15_10_IRQHandler)
    i.EXTI9_5_IRQHandler                     0x08000cf8   Section        0  stm32f4xx_it.o(i.EXTI9_5_IRQHandler)
    i.Error_Handler                          0x08000d00   Section        0  main.o(i.Error_Handler)
    i.HAL_DMA_IRQHandler                     0x08000d04   Section        0  stm32f4xx_hal_dma.o(i.HAL_DMA_IRQHandler)
    i.HAL_DMA_Init                           0x08000ea4   Section        0  stm32f4xx_hal_dma.o(i.HAL_DMA_Init)
    i.HAL_DMA_Start_IT                       0x08000f78   Section        0  stm32f4xx_hal_dma.o(i.HAL_DMA_Start_IT)
    i.HAL_GPIO_EXTI_Callback                 0x08000fe8   Section        0  main.o(i.HAL_GPIO_EXTI_Callback)
    i.HAL_GPIO_EXTI_IRQHandler               0x08001078   Section        0  stm32f4xx_hal_gpio.o(i.HAL_GPIO_EXTI_IRQHandler)
    i.HAL_GPIO_Init                          0x08001090   Section        0  stm32f4xx_hal_gpio.o(i.HAL_GPIO_Init)
    i.HAL_GPIO_ReadPin                       0x08001280   Section        0  stm32f4xx_hal_gpio.o(i.HAL_GPIO_ReadPin)
    i.HAL_GPIO_WritePin                      0x0800128a   Section        0  stm32f4xx_hal_gpio.o(i.HAL_GPIO_WritePin)
    i.HAL_GetTick                            0x08001294   Section        0  stm32f4xx_hal.o(i.HAL_GetTick)
    i.HAL_IncTick                            0x080012a0   Section        0  stm32f4xx_hal.o(i.HAL_IncTick)
    i.HAL_Init                               0x080012b0   Section        0  stm32f4xx_hal.o(i.HAL_Init)
    i.HAL_InitTick                           0x080012e4   Section        0  stm32f4xx_hal.o(i.HAL_InitTick)
    i.HAL_MspInit                            0x08001324   Section        0  stm32f4xx_hal_msp.o(i.HAL_MspInit)
    i.HAL_NVIC_EnableIRQ                     0x08001354   Section        0  stm32f4xx_hal_cortex.o(i.HAL_NVIC_EnableIRQ)
    i.HAL_NVIC_SetPriority                   0x08001370   Section        0  stm32f4xx_hal_cortex.o(i.HAL_NVIC_SetPriority)
    i.HAL_NVIC_SetPriorityGrouping           0x080013b0   Section        0  stm32f4xx_hal_cortex.o(i.HAL_NVIC_SetPriorityGrouping)
    i.HAL_RCC_ClockConfig                    0x080013d4   Section        0  stm32f4xx_hal_rcc.o(i.HAL_RCC_ClockConfig)
    i.HAL_RCC_GetPCLK1Freq                   0x08001508   Section        0  stm32f4xx_hal_rcc.o(i.HAL_RCC_GetPCLK1Freq)
    i.HAL_RCC_GetPCLK2Freq                   0x08001528   Section        0  stm32f4xx_hal_rcc.o(i.HAL_RCC_GetPCLK2Freq)
    i.HAL_RCC_GetSysClockFreq                0x08001548   Section        0  stm32f4xx_hal_rcc.o(i.HAL_RCC_GetSysClockFreq)
    i.HAL_RCC_OscConfig                      0x080015ac   Section        0  stm32f4xx_hal_rcc.o(i.HAL_RCC_OscConfig)
    i.HAL_SYSTICK_Config                     0x08001918   Section        0  stm32f4xx_hal_cortex.o(i.HAL_SYSTICK_Config)
    i.HAL_TIMEx_BreakCallback                0x08001940   Section        0  stm32f4xx_hal_tim_ex.o(i.HAL_TIMEx_BreakCallback)
    i.HAL_TIMEx_CommutCallback               0x08001942   Section        0  stm32f4xx_hal_tim_ex.o(i.HAL_TIMEx_CommutCallback)
    i.HAL_TIMEx_MasterConfigSynchronization  0x08001944   Section        0  stm32f4xx_hal_tim_ex.o(i.HAL_TIMEx_MasterConfigSynchronization)
    i.HAL_TIM_Base_Init                      0x080019d4   Section        0  stm32f4xx_hal_tim.o(i.HAL_TIM_Base_Init)
    i.HAL_TIM_Base_MspInit                   0x08001a30   Section        0  stm32f4xx_hal_msp.o(i.HAL_TIM_Base_MspInit)
    i.HAL_TIM_Base_Start_IT                  0x08001ad8   Section        0  stm32f4xx_hal_tim.o(i.HAL_TIM_Base_Start_IT)
    i.HAL_TIM_ConfigClockSource              0x08001b58   Section        0  stm32f4xx_hal_tim.o(i.HAL_TIM_ConfigClockSource)
    i.HAL_TIM_IC_CaptureCallback             0x08001c34   Section        0  stm32f4xx_hal_tim.o(i.HAL_TIM_IC_CaptureCallback)
    i.HAL_TIM_IRQHandler                     0x08001c36   Section        0  stm32f4xx_hal_tim.o(i.HAL_TIM_IRQHandler)
    i.HAL_TIM_MspPostInit                    0x08001d9c   Section        0  stm32f4xx_hal_msp.o(i.HAL_TIM_MspPostInit)
    i.HAL_TIM_OC_DelayElapsedCallback        0x08001ea4   Section        0  stm32f4xx_hal_tim.o(i.HAL_TIM_OC_DelayElapsedCallback)
    i.HAL_TIM_PWM_ConfigChannel              0x08001ea6   Section        0  stm32f4xx_hal_tim.o(i.HAL_TIM_PWM_ConfigChannel)
    i.HAL_TIM_PWM_Init                       0x08001f72   Section        0  stm32f4xx_hal_tim.o(i.HAL_TIM_PWM_Init)
    i.HAL_TIM_PWM_MspInit                    0x08001fcc   Section        0  stm32f4xx_hal_msp.o(i.HAL_TIM_PWM_MspInit)
    i.HAL_TIM_PWM_PulseFinishedCallback      0x08001ff4   Section        0  stm32f4xx_hal_tim.o(i.HAL_TIM_PWM_PulseFinishedCallback)
    i.HAL_TIM_PWM_Start                      0x08001ff8   Section        0  stm32f4xx_hal_tim.o(i.HAL_TIM_PWM_Start)
    i.HAL_TIM_PeriodElapsedCallback          0x080020c0   Section        0  main.o(i.HAL_TIM_PeriodElapsedCallback)
    i.HAL_TIM_TriggerCallback                0x080021a4   Section        0  stm32f4xx_hal_tim.o(i.HAL_TIM_TriggerCallback)
    i.HAL_UARTEx_RxEventCallback             0x080021a6   Section        0  stm32f4xx_hal_uart.o(i.HAL_UARTEx_RxEventCallback)
    i.HAL_UART_ErrorCallback                 0x080021a8   Section        0  stm32f4xx_hal_uart.o(i.HAL_UART_ErrorCallback)
    i.HAL_UART_Init                          0x080021aa   Section        0  stm32f4xx_hal_uart.o(i.HAL_UART_Init)
    i.HAL_UART_MspInit                       0x0800220c   Section        0  stm32f4xx_hal_msp.o(i.HAL_UART_MspInit)
    i.HAL_UART_Receive_DMA                   0x080022ac   Section        0  stm32f4xx_hal_uart.o(i.HAL_UART_Receive_DMA)
    i.HAL_UART_RxCpltCallback                0x080022d8   Section        0  main.o(i.HAL_UART_RxCpltCallback)
    i.HAL_UART_RxHalfCpltCallback            0x08002368   Section        0  stm32f4xx_hal_uart.o(i.HAL_UART_RxHalfCpltCallback)
    i.HardFault_Handler                      0x0800236a   Section        0  stm32f4xx_it.o(i.HardFault_Handler)
    i.Init_Motor1                            0x0800236c   Section        0  main.o(i.Init_Motor1)
    i.Init_Motor2                            0x080023ac   Section        0  main.o(i.Init_Motor2)
    i.Init_Motor3                            0x080023ec   Section        0  main.o(i.Init_Motor3)
    i.Init_Motor4                            0x08002430   Section        0  main.o(i.Init_Motor4)
    i.MX_GPIO_Init                           0x08002470   Section        0  main.o(i.MX_GPIO_Init)
    MX_GPIO_Init                             0x08002471   Thumb Code   372  main.o(i.MX_GPIO_Init)
    i.MX_TIM12_Init                          0x080025fc   Section        0  main.o(i.MX_TIM12_Init)
    MX_TIM12_Init                            0x080025fd   Thumb Code    70  main.o(i.MX_TIM12_Init)
    i.MX_TIM14_Init                          0x0800264c   Section        0  main.o(i.MX_TIM14_Init)
    MX_TIM14_Init                            0x0800264d   Thumb Code    76  main.o(i.MX_TIM14_Init)
    i.MX_TIM3_Init                           0x080026a0   Section        0  main.o(i.MX_TIM3_Init)
    MX_TIM3_Init                             0x080026a1   Thumb Code   124  main.o(i.MX_TIM3_Init)
    i.MX_TIM4_Init                           0x08002724   Section        0  main.o(i.MX_TIM4_Init)
    MX_TIM4_Init                             0x08002725   Thumb Code    74  main.o(i.MX_TIM4_Init)
    i.MX_TIM5_Init                           0x08002778   Section        0  main.o(i.MX_TIM5_Init)
    MX_TIM5_Init                             0x08002779   Thumb Code   124  main.o(i.MX_TIM5_Init)
    i.MX_TIM9_Init                           0x080027fc   Section        0  main.o(i.MX_TIM9_Init)
    MX_TIM9_Init                             0x080027fd   Thumb Code   108  main.o(i.MX_TIM9_Init)
    i.MemManage_Handler                      0x08002870   Section        0  stm32f4xx_it.o(i.MemManage_Handler)
    i.NMI_Handler                            0x08002872   Section        0  stm32f4xx_it.o(i.NMI_Handler)
    i.PID_controller_wheel1                  0x08002874   Section        0  main.o(i.PID_controller_wheel1)
    i.PID_controller_wheel2                  0x080029bc   Section        0  main.o(i.PID_controller_wheel2)
    i.PID_controller_wheel3                  0x08002b04   Section        0  main.o(i.PID_controller_wheel3)
    i.PID_controller_wheel4                  0x08002c4c   Section        0  main.o(i.PID_controller_wheel4)
    i.PendSV_Handler                         0x08002d94   Section        0  stm32f4xx_it.o(i.PendSV_Handler)
    i.SVC_Handler                            0x08002d96   Section        0  stm32f4xx_it.o(i.SVC_Handler)
    i.SysTick_Handler                        0x08002d98   Section        0  stm32f4xx_it.o(i.SysTick_Handler)
    i.SystemClock_Config                     0x08002d9c   Section        0  main.o(i.SystemClock_Config)
    i.SystemInit                             0x08002e0c   Section        0  system_stm32f4xx.o(i.SystemInit)
    i.TIM4_IRQHandler                        0x08002e1c   Section        0  stm32f4xx_it.o(i.TIM4_IRQHandler)
    i.TIM_Base_SetConfig                     0x08002e28   Section        0  stm32f4xx_hal_tim.o(i.TIM_Base_SetConfig)
    i.TIM_CCxChannelCmd                      0x08002ef0   Section        0  stm32f4xx_hal_tim.o(i.TIM_CCxChannelCmd)
    i.TIM_ETR_SetConfig                      0x08002f0a   Section        0  stm32f4xx_hal_tim.o(i.TIM_ETR_SetConfig)
    i.TIM_ITRx_SetConfig                     0x08002f1e   Section        0  stm32f4xx_hal_tim.o(i.TIM_ITRx_SetConfig)
    TIM_ITRx_SetConfig                       0x08002f1f   Thumb Code    16  stm32f4xx_hal_tim.o(i.TIM_ITRx_SetConfig)
    i.TIM_OC1_SetConfig                      0x08002f30   Section        0  stm32f4xx_hal_tim.o(i.TIM_OC1_SetConfig)
    TIM_OC1_SetConfig                        0x08002f31   Thumb Code    88  stm32f4xx_hal_tim.o(i.TIM_OC1_SetConfig)
    i.TIM_OC2_SetConfig                      0x08002f90   Section        0  stm32f4xx_hal_tim.o(i.TIM_OC2_SetConfig)
    i.TIM_OC3_SetConfig                      0x08002ffc   Section        0  stm32f4xx_hal_tim.o(i.TIM_OC3_SetConfig)
    TIM_OC3_SetConfig                        0x08002ffd   Thumb Code    96  stm32f4xx_hal_tim.o(i.TIM_OC3_SetConfig)
    i.TIM_OC4_SetConfig                      0x08003064   Section        0  stm32f4xx_hal_tim.o(i.TIM_OC4_SetConfig)
    TIM_OC4_SetConfig                        0x08003065   Thumb Code    70  stm32f4xx_hal_tim.o(i.TIM_OC4_SetConfig)
    i.TIM_TI1_ConfigInputStage               0x080030b4   Section        0  stm32f4xx_hal_tim.o(i.TIM_TI1_ConfigInputStage)
    TIM_TI1_ConfigInputStage                 0x080030b5   Thumb Code    34  stm32f4xx_hal_tim.o(i.TIM_TI1_ConfigInputStage)
    i.TIM_TI2_ConfigInputStage               0x080030d6   Section        0  stm32f4xx_hal_tim.o(i.TIM_TI2_ConfigInputStage)
    TIM_TI2_ConfigInputStage                 0x080030d7   Thumb Code    36  stm32f4xx_hal_tim.o(i.TIM_TI2_ConfigInputStage)
    i.UART_DMAError                          0x080030fa   Section        0  stm32f4xx_hal_uart.o(i.UART_DMAError)
    UART_DMAError                            0x080030fb   Thumb Code    74  stm32f4xx_hal_uart.o(i.UART_DMAError)
    i.UART_DMAReceiveCplt                    0x08003144   Section        0  stm32f4xx_hal_uart.o(i.UART_DMAReceiveCplt)
    UART_DMAReceiveCplt                      0x08003145   Thumb Code   130  stm32f4xx_hal_uart.o(i.UART_DMAReceiveCplt)
    i.UART_DMARxHalfCplt                     0x080031c6   Section        0  stm32f4xx_hal_uart.o(i.UART_DMARxHalfCplt)
    UART_DMARxHalfCplt                       0x080031c7   Thumb Code    26  stm32f4xx_hal_uart.o(i.UART_DMARxHalfCplt)
    i.UART_EndRxTransfer                     0x080031e0   Section        0  stm32f4xx_hal_uart.o(i.UART_EndRxTransfer)
    UART_EndRxTransfer                       0x080031e1   Thumb Code    78  stm32f4xx_hal_uart.o(i.UART_EndRxTransfer)
    i.UART_EndTxTransfer                     0x0800322e   Section        0  stm32f4xx_hal_uart.o(i.UART_EndTxTransfer)
    UART_EndTxTransfer                       0x0800322f   Thumb Code    28  stm32f4xx_hal_uart.o(i.UART_EndTxTransfer)
    i.UART_SetConfig                         0x0800324c   Section        0  stm32f4xx_hal_uart.o(i.UART_SetConfig)
    UART_SetConfig                           0x0800324d   Thumb Code   258  stm32f4xx_hal_uart.o(i.UART_SetConfig)
    i.UART_Start_Receive_DMA                 0x08003358   Section        0  stm32f4xx_hal_uart.o(i.UART_Start_Receive_DMA)
    i.UsageFault_Handler                     0x080033e8   Section        0  stm32f4xx_it.o(i.UsageFault_Handler)
    i.__NVIC_SetPriority                     0x080033ea   Section        0  stm32f4xx_hal_cortex.o(i.__NVIC_SetPriority)
    __NVIC_SetPriority                       0x080033eb   Thumb Code    32  stm32f4xx_hal_cortex.o(i.__NVIC_SetPriority)
    i.__hardfp_atof                          0x08003410   Section        0  atof.o(i.__hardfp_atof)
    i.__read_errno                           0x08003448   Section        0  errno.o(i.__read_errno)
    i.__scatterload_copy                     0x08003454   Section       14  handlers.o(i.__scatterload_copy)
    i.__scatterload_null                     0x08003462   Section        2  handlers.o(i.__scatterload_null)
    i.__scatterload_zeroinit                 0x08003464   Section       14  handlers.o(i.__scatterload_zeroinit)
    i.__set_errno                            0x08003474   Section        0  errno.o(i.__set_errno)
    i._is_digit                              0x08003480   Section        0  scanf_fp.o(i._is_digit)
    i.cal_vel_ref                            0x08003490   Section        0  main.o(i.cal_vel_ref)
    i.main                                   0x0800352c   Section        0  main.o(i.main)
    i.position_cal                           0x080035d0   Section        0  main.o(i.position_cal)
    i.sensorCheck                            0x080036e8   Section        0  main.o(i.sensorCheck)
    .constdata                               0x08003744   Section        8  stm32f4xx_hal_dma.o(.constdata)
    flagBitshiftOffset                       0x08003744   Data           8  stm32f4xx_hal_dma.o(.constdata)
    .constdata                               0x0800374c   Section       16  system_stm32f4xx.o(.constdata)
    .constdata                               0x0800375c   Section        8  system_stm32f4xx.o(.constdata)
    .constdata                               0x08003764   Section       64  ctype_c.o(.constdata)
    .data                                    0x20000000   Section      280  main.o(.data)
    .data                                    0x20000118   Section       12  stm32f4xx_hal.o(.data)
    .data                                    0x20000124   Section        4  system_stm32f4xx.o(.data)
    .data                                    0x20000128   Section        4  errno.o(.data)
    _errno                                   0x20000128   Data           4  errno.o(.data)
    .bss                                     0x2000012c   Section      525  main.o(.bss)
    .bss                                     0x2000033c   Section       96  main.o(.bss)
    STACK                                    0x200003a0   Section     1024  startup_stm32f407xx.o(STACK)

    Global Symbols

    Symbol Name                              Value     Ov Type        Size  Object(Section)

    BuildAttributes$$THM_ISAv4$E$P$D$K$B$S$7EM$VFPi3$EXTD16$VFPS$VFMA$PE$A:L22UL41UL21$X:L11$S22US41US21$IEEE1$IW$USESV6$~STKCKD$USESV7$~SHL$OTIME$ROPI$IEEEJ$EBA8$MICROLIB$REQ8$PRES8$EABIv2 0x00000000   Number         0  anon$$obj.o ABSOLUTE
    __ARM_use_no_argv                        0x00000000   Number         0  main.o ABSOLUTE
    __cpp_initialize__aeabi_                  - Undefined Weak Reference
    __cxa_finalize                            - Undefined Weak Reference
    _clock_init                               - Undefined Weak Reference
    _microlib_exit                            - Undefined Weak Reference
    __Vectors_Size                           0x00000188   Number         0  startup_stm32f407xx.o ABSOLUTE
    __Vectors                                0x08000000   Data           4  startup_stm32f407xx.o(RESET)
    __Vectors_End                            0x08000188   Data           0  startup_stm32f407xx.o(RESET)
    __main                                   0x08000189   Thumb Code     0  entry.o(.ARM.Collect$$$$00000000)
    _main_stk                                0x08000189   Thumb Code     0  entry2.o(.ARM.Collect$$$$00000001)
    _main_scatterload                        0x0800018d   Thumb Code     0  entry5.o(.ARM.Collect$$$$00000004)
    __main_after_scatterload                 0x08000191   Thumb Code     0  entry5.o(.ARM.Collect$$$$00000004)
    _main_clock                              0x08000191   Thumb Code     0  entry7b.o(.ARM.Collect$$$$00000008)
    _main_cpp_init                           0x08000191   Thumb Code     0  entry8b.o(.ARM.Collect$$$$0000000A)
    _main_init                               0x08000191   Thumb Code     0  entry9a.o(.ARM.Collect$$$$0000000B)
    __rt_final_cpp                           0x08000199   Thumb Code     0  entry10a.o(.ARM.Collect$$$$0000000D)
    __rt_final_exit                          0x08000199   Thumb Code     0  entry11a.o(.ARM.Collect$$$$0000000F)
    Reset_Handler                            0x0800019d   Thumb Code     8  startup_stm32f407xx.o(.text)
    ADC_IRQHandler                           0x080001b7   Thumb Code     0  startup_stm32f407xx.o(.text)
    CAN1_RX0_IRQHandler                      0x080001b7   Thumb Code     0  startup_stm32f407xx.o(.text)
    CAN1_RX1_IRQHandler                      0x080001b7   Thumb Code     0  startup_stm32f407xx.o(.text)
    CAN1_SCE_IRQHandler                      0x080001b7   Thumb Code     0  startup_stm32f407xx.o(.text)
    CAN1_TX_IRQHandler                       0x080001b7   Thumb Code     0  startup_stm32f407xx.o(.text)
    CAN2_RX0_IRQHandler                      0x080001b7   Thumb Code     0  startup_stm32f407xx.o(.text)
    CAN2_RX1_IRQHandler                      0x080001b7   Thumb Code     0  startup_stm32f407xx.o(.text)
    CAN2_SCE_IRQHandler                      0x080001b7   Thumb Code     0  startup_stm32f407xx.o(.text)
    CAN2_TX_IRQHandler                       0x080001b7   Thumb Code     0  startup_stm32f407xx.o(.text)
    DCMI_IRQHandler                          0x080001b7   Thumb Code     0  startup_stm32f407xx.o(.text)
    DMA1_Stream0_IRQHandler                  0x080001b7   Thumb Code     0  startup_stm32f407xx.o(.text)
    DMA1_Stream2_IRQHandler                  0x080001b7   Thumb Code     0  startup_stm32f407xx.o(.text)
    DMA1_Stream3_IRQHandler                  0x080001b7   Thumb Code     0  startup_stm32f407xx.o(.text)
    DMA1_Stream4_IRQHandler                  0x080001b7   Thumb Code     0  startup_stm32f407xx.o(.text)
    DMA1_Stream5_IRQHandler                  0x080001b7   Thumb Code     0  startup_stm32f407xx.o(.text)
    DMA1_Stream6_IRQHandler                  0x080001b7   Thumb Code     0  startup_stm32f407xx.o(.text)
    DMA1_Stream7_IRQHandler                  0x080001b7   Thumb Code     0  startup_stm32f407xx.o(.text)
    DMA2_Stream0_IRQHandler                  0x080001b7   Thumb Code     0  startup_stm32f407xx.o(.text)
    DMA2_Stream1_IRQHandler                  0x080001b7   Thumb Code     0  startup_stm32f407xx.o(.text)
    DMA2_Stream2_IRQHandler                  0x080001b7   Thumb Code     0  startup_stm32f407xx.o(.text)
    DMA2_Stream3_IRQHandler                  0x080001b7   Thumb Code     0  startup_stm32f407xx.o(.text)
    DMA2_Stream4_IRQHandler                  0x080001b7   Thumb Code     0  startup_stm32f407xx.o(.text)
    DMA2_Stream5_IRQHandler                  0x080001b7   Thumb Code     0  startup_stm32f407xx.o(.text)
    DMA2_Stream6_IRQHandler                  0x080001b7   Thumb Code     0  startup_stm32f407xx.o(.text)
    DMA2_Stream7_IRQHandler                  0x080001b7   Thumb Code     0  startup_stm32f407xx.o(.text)
    ETH_IRQHandler                           0x080001b7   Thumb Code     0  startup_stm32f407xx.o(.text)
    ETH_WKUP_IRQHandler                      0x080001b7   Thumb Code     0  startup_stm32f407xx.o(.text)
    EXTI0_IRQHandler                         0x080001b7   Thumb Code     0  startup_stm32f407xx.o(.text)
    EXTI1_IRQHandler                         0x080001b7   Thumb Code     0  startup_stm32f407xx.o(.text)
    EXTI2_IRQHandler                         0x080001b7   Thumb Code     0  startup_stm32f407xx.o(.text)
    EXTI3_IRQHandler                         0x080001b7   Thumb Code     0  startup_stm32f407xx.o(.text)
    EXTI4_IRQHandler                         0x080001b7   Thumb Code     0  startup_stm32f407xx.o(.text)
    FLASH_IRQHandler                         0x080001b7   Thumb Code     0  startup_stm32f407xx.o(.text)
    FMC_IRQHandler                           0x080001b7   Thumb Code     0  startup_stm32f407xx.o(.text)
    FPU_IRQHandler                           0x080001b7   Thumb Code     0  startup_stm32f407xx.o(.text)
    HASH_RNG_IRQHandler                      0x080001b7   Thumb Code     0  startup_stm32f407xx.o(.text)
    I2C1_ER_IRQHandler                       0x080001b7   Thumb Code     0  startup_stm32f407xx.o(.text)
    I2C1_EV_IRQHandler                       0x080001b7   Thumb Code     0  startup_stm32f407xx.o(.text)
    I2C2_ER_IRQHandler                       0x080001b7   Thumb Code     0  startup_stm32f407xx.o(.text)
    I2C2_EV_IRQHandler                       0x080001b7   Thumb Code     0  startup_stm32f407xx.o(.text)
    I2C3_ER_IRQHandler                       0x080001b7   Thumb Code     0  startup_stm32f407xx.o(.text)
    I2C3_EV_IRQHandler                       0x080001b7   Thumb Code     0  startup_stm32f407xx.o(.text)
    OTG_FS_IRQHandler                        0x080001b7   Thumb Code     0  startup_stm32f407xx.o(.text)
    OTG_FS_WKUP_IRQHandler                   0x080001b7   Thumb Code     0  startup_stm32f407xx.o(.text)
    OTG_HS_EP1_IN_IRQHandler                 0x080001b7   Thumb Code     0  startup_stm32f407xx.o(.text)
    OTG_HS_EP1_OUT_IRQHandler                0x080001b7   Thumb Code     0  startup_stm32f407xx.o(.text)
    OTG_HS_IRQHandler                        0x080001b7   Thumb Code     0  startup_stm32f407xx.o(.text)
    OTG_HS_WKUP_IRQHandler                   0x080001b7   Thumb Code     0  startup_stm32f407xx.o(.text)
    PVD_IRQHandler                           0x080001b7   Thumb Code     0  startup_stm32f407xx.o(.text)
    RCC_IRQHandler                           0x080001b7   Thumb Code     0  startup_stm32f407xx.o(.text)
    RTC_Alarm_IRQHandler                     0x080001b7   Thumb Code     0  startup_stm32f407xx.o(.text)
    RTC_WKUP_IRQHandler                      0x080001b7   Thumb Code     0  startup_stm32f407xx.o(.text)
    SDIO_IRQHandler                          0x080001b7   Thumb Code     0  startup_stm32f407xx.o(.text)
    SPI1_IRQHandler                          0x080001b7   Thumb Code     0  startup_stm32f407xx.o(.text)
    SPI2_IRQHandler                          0x080001b7   Thumb Code     0  startup_stm32f407xx.o(.text)
    SPI3_IRQHandler                          0x080001b7   Thumb Code     0  startup_stm32f407xx.o(.text)
    TAMP_STAMP_IRQHandler                    0x080001b7   Thumb Code     0  startup_stm32f407xx.o(.text)
    TIM1_BRK_TIM9_IRQHandler                 0x080001b7   Thumb Code     0  startup_stm32f407xx.o(.text)
    TIM1_CC_IRQHandler                       0x080001b7   Thumb Code     0  startup_stm32f407xx.o(.text)
    TIM1_TRG_COM_TIM11_IRQHandler            0x080001b7   Thumb Code     0  startup_stm32f407xx.o(.text)
    TIM1_UP_TIM10_IRQHandler                 0x080001b7   Thumb Code     0  startup_stm32f407xx.o(.text)
    TIM2_IRQHandler                          0x080001b7   Thumb Code     0  startup_stm32f407xx.o(.text)
    TIM3_IRQHandler                          0x080001b7   Thumb Code     0  startup_stm32f407xx.o(.text)
    TIM5_IRQHandler                          0x080001b7   Thumb Code     0  startup_stm32f407xx.o(.text)
    TIM6_DAC_IRQHandler                      0x080001b7   Thumb Code     0  startup_stm32f407xx.o(.text)
    TIM7_IRQHandler                          0x080001b7   Thumb Code     0  startup_stm32f407xx.o(.text)
    TIM8_BRK_TIM12_IRQHandler                0x080001b7   Thumb Code     0  startup_stm32f407xx.o(.text)
    TIM8_CC_IRQHandler                       0x080001b7   Thumb Code     0  startup_stm32f407xx.o(.text)
    TIM8_TRG_COM_TIM14_IRQHandler            0x080001b7   Thumb Code     0  startup_stm32f407xx.o(.text)
    TIM8_UP_TIM13_IRQHandler                 0x080001b7   Thumb Code     0  startup_stm32f407xx.o(.text)
    UART4_IRQHandler                         0x080001b7   Thumb Code     0  startup_stm32f407xx.o(.text)
    UART5_IRQHandler                         0x080001b7   Thumb Code     0  startup_stm32f407xx.o(.text)
    USART1_IRQHandler                        0x080001b7   Thumb Code     0  startup_stm32f407xx.o(.text)
    USART2_IRQHandler                        0x080001b7   Thumb Code     0  startup_stm32f407xx.o(.text)
    USART3_IRQHandler                        0x080001b7   Thumb Code     0  startup_stm32f407xx.o(.text)
    USART6_IRQHandler                        0x080001b7   Thumb Code     0  startup_stm32f407xx.o(.text)
    WWDG_IRQHandler                          0x080001b7   Thumb Code     0  startup_stm32f407xx.o(.text)
    __aeabi_uldivmod                         0x080001c1   Thumb Code    98  uldiv.o(.text)
    __aeabi_memset                           0x08000223   Thumb Code    14  memseta.o(.text)
    __aeabi_memset4                          0x08000223   Thumb Code     0  memseta.o(.text)
    __aeabi_memset8                          0x08000223   Thumb Code     0  memseta.o(.text)
    __aeabi_memclr                           0x08000231   Thumb Code     4  memseta.o(.text)
    __aeabi_memclr4                          0x08000231   Thumb Code     0  memseta.o(.text)
    __aeabi_memclr8                          0x08000231   Thumb Code     0  memseta.o(.text)
    _memset$wrapper                          0x08000235   Thumb Code    18  memseta.o(.text)
    __aeabi_dadd                             0x08000247   Thumb Code   322  dadd.o(.text)
    __aeabi_dsub                             0x08000389   Thumb Code     6  dadd.o(.text)
    __aeabi_drsub                            0x0800038f   Thumb Code     6  dadd.o(.text)
    __aeabi_dmul                             0x08000395   Thumb Code   228  dmul.o(.text)
    __aeabi_f2d                              0x08000479   Thumb Code    38  f2d.o(.text)
    __aeabi_d2f                              0x0800049f   Thumb Code    56  d2f.o(.text)
    __aeabi_llsl                             0x080004d7   Thumb Code    30  llshl.o(.text)
    _ll_shift_l                              0x080004d7   Thumb Code     0  llshl.o(.text)
    __aeabi_llsr                             0x080004f5   Thumb Code    32  llushr.o(.text)
    _ll_ushift_r                             0x080004f5   Thumb Code     0  llushr.o(.text)
    __aeabi_lasr                             0x08000515   Thumb Code    36  llsshr.o(.text)
    _ll_sshift_r                             0x08000515   Thumb Code     0  llsshr.o(.text)
    __strtod_int                             0x0800056f   Thumb Code    90  strtod.o(.text)
    __I$use$fp                               0x080005d5   Thumb Code     0  iusefp.o(.text)
    _float_round                             0x080005d5   Thumb Code    18  fepilogue.o(.text)
    _float_epilogue                          0x080005e7   Thumb Code    92  fepilogue.o(.text)
    _double_round                            0x08000643   Thumb Code    30  depilogue.o(.text)
    _double_epilogue                         0x08000661   Thumb Code   156  depilogue.o(.text)
    __scatterload                            0x080006fd   Thumb Code    28  init.o(.text)
    __scatterload_rt2                        0x080006fd   Thumb Code     0  init.o(.text)
    isspace                                  0x08000721   Thumb Code    10  isspace_c.o(.text)
    _scanf_real                              0x08000855   Thumb Code     0  scanf_fp.o(.text)
    _scanf_really_real                       0x08000855   Thumb Code   556  scanf_fp.o(.text)
    _sgetc                                   0x08000a8d   Thumb Code    30  _sgetc.o(.text)
    _sbackspace                              0x08000aab   Thumb Code    34  _sgetc.o(.text)
    __ctype_lookup                           0x08000acd   Thumb Code    34  ctype_c.o(.text)
    __aeabi_ddiv                             0x08000af5   Thumb Code   222  ddiv.o(.text)
    __aeabi_ul2d                             0x08000bd3   Thumb Code    24  dfltul.o(.text)
    __decompress                             0x08000beb   Thumb Code     0  __dczerorl.o(.text)
    __decompress0                            0x08000beb   Thumb Code    58  __dczerorl.o(.text)
    BusFault_Handler                         0x08000c25   Thumb Code     2  stm32f4xx_it.o(i.BusFault_Handler)
    DMA1_Stream1_IRQHandler                  0x08000c29   Thumb Code     6  stm32f4xx_it.o(i.DMA1_Stream1_IRQHandler)
    DebugMon_Handler                         0x08000cd9   Thumb Code     2  stm32f4xx_it.o(i.DebugMon_Handler)
    EXTI15_10_IRQHandler                     0x08000cdb   Thumb Code    30  stm32f4xx_it.o(i.EXTI15_10_IRQHandler)
    EXTI9_5_IRQHandler                       0x08000cf9   Thumb Code     8  stm32f4xx_it.o(i.EXTI9_5_IRQHandler)
    Error_Handler                            0x08000d01   Thumb Code     2  main.o(i.Error_Handler)
    HAL_DMA_IRQHandler                       0x08000d05   Thumb Code   412  stm32f4xx_hal_dma.o(i.HAL_DMA_IRQHandler)
    HAL_DMA_Init                             0x08000ea5   Thumb Code   206  stm32f4xx_hal_dma.o(i.HAL_DMA_Init)
    HAL_DMA_Start_IT                         0x08000f79   Thumb Code   110  stm32f4xx_hal_dma.o(i.HAL_DMA_Start_IT)
    HAL_GPIO_EXTI_Callback                   0x08000fe9   Thumb Code   132  main.o(i.HAL_GPIO_EXTI_Callback)
    HAL_GPIO_EXTI_IRQHandler                 0x08001079   Thumb Code    18  stm32f4xx_hal_gpio.o(i.HAL_GPIO_EXTI_IRQHandler)
    HAL_GPIO_Init                            0x08001091   Thumb Code   450  stm32f4xx_hal_gpio.o(i.HAL_GPIO_Init)
    HAL_GPIO_ReadPin                         0x08001281   Thumb Code    10  stm32f4xx_hal_gpio.o(i.HAL_GPIO_ReadPin)
    HAL_GPIO_WritePin                        0x0800128b   Thumb Code    10  stm32f4xx_hal_gpio.o(i.HAL_GPIO_WritePin)
    HAL_GetTick                              0x08001295   Thumb Code     6  stm32f4xx_hal.o(i.HAL_GetTick)
    HAL_IncTick                              0x080012a1   Thumb Code    12  stm32f4xx_hal.o(i.HAL_IncTick)
    HAL_Init                                 0x080012b1   Thumb Code    48  stm32f4xx_hal.o(i.HAL_Init)
    HAL_InitTick                             0x080012e5   Thumb Code    54  stm32f4xx_hal.o(i.HAL_InitTick)
    HAL_MspInit                              0x08001325   Thumb Code    42  stm32f4xx_hal_msp.o(i.HAL_MspInit)
    HAL_NVIC_EnableIRQ                       0x08001355   Thumb Code    26  stm32f4xx_hal_cortex.o(i.HAL_NVIC_EnableIRQ)
    HAL_NVIC_SetPriority                     0x08001371   Thumb Code    60  stm32f4xx_hal_cortex.o(i.HAL_NVIC_SetPriority)
    HAL_NVIC_SetPriorityGrouping             0x080013b1   Thumb Code    26  stm32f4xx_hal_cortex.o(i.HAL_NVIC_SetPriorityGrouping)
    HAL_RCC_ClockConfig                      0x080013d5   Thumb Code   288  stm32f4xx_hal_rcc.o(i.HAL_RCC_ClockConfig)
    HAL_RCC_GetPCLK1Freq                     0x08001509   Thumb Code    20  stm32f4xx_hal_rcc.o(i.HAL_RCC_GetPCLK1Freq)
    HAL_RCC_GetPCLK2Freq                     0x08001529   Thumb Code    20  stm32f4xx_hal_rcc.o(i.HAL_RCC_GetPCLK2Freq)
    HAL_RCC_GetSysClockFreq                  0x08001549   Thumb Code    88  stm32f4xx_hal_rcc.o(i.HAL_RCC_GetSysClockFreq)
    HAL_RCC_OscConfig                        0x080015ad   Thumb Code   856  stm32f4xx_hal_rcc.o(i.HAL_RCC_OscConfig)
    HAL_SYSTICK_Config                       0x08001919   Thumb Code    40  stm32f4xx_hal_cortex.o(i.HAL_SYSTICK_Config)
    HAL_TIMEx_BreakCallback                  0x08001941   Thumb Code     2  stm32f4xx_hal_tim_ex.o(i.HAL_TIMEx_BreakCallback)
    HAL_TIMEx_CommutCallback                 0x08001943   Thumb Code     2  stm32f4xx_hal_tim_ex.o(i.HAL_TIMEx_CommutCallback)
    HAL_TIMEx_MasterConfigSynchronization    0x08001945   Thumb Code   116  stm32f4xx_hal_tim_ex.o(i.HAL_TIMEx_MasterConfigSynchronization)
    HAL_TIM_Base_Init                        0x080019d5   Thumb Code    90  stm32f4xx_hal_tim.o(i.HAL_TIM_Base_Init)
    HAL_TIM_Base_MspInit                     0x08001a31   Thumb Code   142  stm32f4xx_hal_msp.o(i.HAL_TIM_Base_MspInit)
    HAL_TIM_Base_Start_IT                    0x08001ad9   Thumb Code   100  stm32f4xx_hal_tim.o(i.HAL_TIM_Base_Start_IT)
    HAL_TIM_ConfigClockSource                0x08001b59   Thumb Code   220  stm32f4xx_hal_tim.o(i.HAL_TIM_ConfigClockSource)
    HAL_TIM_IC_CaptureCallback               0x08001c35   Thumb Code     2  stm32f4xx_hal_tim.o(i.HAL_TIM_IC_CaptureCallback)
    HAL_TIM_IRQHandler                       0x08001c37   Thumb Code   358  stm32f4xx_hal_tim.o(i.HAL_TIM_IRQHandler)
    HAL_TIM_MspPostInit                      0x08001d9d   Thumb Code   226  stm32f4xx_hal_msp.o(i.HAL_TIM_MspPostInit)
    HAL_TIM_OC_DelayElapsedCallback          0x08001ea5   Thumb Code     2  stm32f4xx_hal_tim.o(i.HAL_TIM_OC_DelayElapsedCallback)
    HAL_TIM_PWM_ConfigChannel                0x08001ea7   Thumb Code   204  stm32f4xx_hal_tim.o(i.HAL_TIM_PWM_ConfigChannel)
    HAL_TIM_PWM_Init                         0x08001f73   Thumb Code    90  stm32f4xx_hal_tim.o(i.HAL_TIM_PWM_Init)
    HAL_TIM_PWM_MspInit                      0x08001fcd   Thumb Code    30  stm32f4xx_hal_msp.o(i.HAL_TIM_PWM_MspInit)
    HAL_TIM_PWM_PulseFinishedCallback        0x08001ff5   Thumb Code     2  stm32f4xx_hal_tim.o(i.HAL_TIM_PWM_PulseFinishedCallback)
    HAL_TIM_PWM_Start                        0x08001ff9   Thumb Code   172  stm32f4xx_hal_tim.o(i.HAL_TIM_PWM_Start)
    HAL_TIM_PeriodElapsedCallback            0x080020c1   Thumb Code   214  main.o(i.HAL_TIM_PeriodElapsedCallback)
    HAL_TIM_TriggerCallback                  0x080021a5   Thumb Code     2  stm32f4xx_hal_tim.o(i.HAL_TIM_TriggerCallback)
    HAL_UARTEx_RxEventCallback               0x080021a7   Thumb Code     2  stm32f4xx_hal_uart.o(i.HAL_UARTEx_RxEventCallback)
    HAL_UART_ErrorCallback                   0x080021a9   Thumb Code     2  stm32f4xx_hal_uart.o(i.HAL_UART_ErrorCallback)
    HAL_UART_Init                            0x080021ab   Thumb Code    98  stm32f4xx_hal_uart.o(i.HAL_UART_Init)
    HAL_UART_MspInit                         0x0800220d   Thumb Code   140  stm32f4xx_hal_msp.o(i.HAL_UART_MspInit)
    HAL_UART_Receive_DMA                     0x080022ad   Thumb Code    42  stm32f4xx_hal_uart.o(i.HAL_UART_Receive_DMA)
    HAL_UART_RxCpltCallback                  0x080022d9   Thumb Code   134  main.o(i.HAL_UART_RxCpltCallback)
    HAL_UART_RxHalfCpltCallback              0x08002369   Thumb Code     2  stm32f4xx_hal_uart.o(i.HAL_UART_RxHalfCpltCallback)
    HardFault_Handler                        0x0800236b   Thumb Code     2  stm32f4xx_it.o(i.HardFault_Handler)
    Init_Motor1                              0x0800236d   Thumb Code    54  main.o(i.Init_Motor1)
    Init_Motor2                              0x080023ad   Thumb Code    54  main.o(i.Init_Motor2)
    Init_Motor3                              0x080023ed   Thumb Code    60  main.o(i.Init_Motor3)
    Init_Motor4                              0x08002431   Thumb Code    52  main.o(i.Init_Motor4)
    MemManage_Handler                        0x08002871   Thumb Code     2  stm32f4xx_it.o(i.MemManage_Handler)
    NMI_Handler                              0x08002873   Thumb Code     2  stm32f4xx_it.o(i.NMI_Handler)
    PID_controller_wheel1                    0x08002875   Thumb Code   288  main.o(i.PID_controller_wheel1)
    PID_controller_wheel2                    0x080029bd   Thumb Code   288  main.o(i.PID_controller_wheel2)
    PID_controller_wheel3                    0x08002b05   Thumb Code   288  main.o(i.PID_controller_wheel3)
    PID_controller_wheel4                    0x08002c4d   Thumb Code   288  main.o(i.PID_controller_wheel4)
    PendSV_Handler                           0x08002d95   Thumb Code     2  stm32f4xx_it.o(i.PendSV_Handler)
    SVC_Handler                              0x08002d97   Thumb Code     2  stm32f4xx_it.o(i.SVC_Handler)
    SysTick_Handler                          0x08002d99   Thumb Code     4  stm32f4xx_it.o(i.SysTick_Handler)
    SystemClock_Config                       0x08002d9d   Thumb Code   102  main.o(i.SystemClock_Config)
    SystemInit                               0x08002e0d   Thumb Code    12  system_stm32f4xx.o(i.SystemInit)
    TIM4_IRQHandler                          0x08002e1d   Thumb Code     6  stm32f4xx_it.o(i.TIM4_IRQHandler)
    TIM_Base_SetConfig                       0x08002e29   Thumb Code   156  stm32f4xx_hal_tim.o(i.TIM_Base_SetConfig)
    TIM_CCxChannelCmd                        0x08002ef1   Thumb Code    26  stm32f4xx_hal_tim.o(i.TIM_CCxChannelCmd)
    TIM_ETR_SetConfig                        0x08002f0b   Thumb Code    20  stm32f4xx_hal_tim.o(i.TIM_ETR_SetConfig)
    TIM_OC2_SetConfig                        0x08002f91   Thumb Code    98  stm32f4xx_hal_tim.o(i.TIM_OC2_SetConfig)
    UART_Start_Receive_DMA                   0x08003359   Thumb Code   130  stm32f4xx_hal_uart.o(i.UART_Start_Receive_DMA)
    UsageFault_Handler                       0x080033e9   Thumb Code     2  stm32f4xx_it.o(i.UsageFault_Handler)
    __hardfp_atof                            0x08003411   Thumb Code    44  atof.o(i.__hardfp_atof)
    __read_errno                             0x08003449   Thumb Code     6  errno.o(i.__read_errno)
    __scatterload_copy                       0x08003455   Thumb Code    14  handlers.o(i.__scatterload_copy)
    __scatterload_null                       0x08003463   Thumb Code     2  handlers.o(i.__scatterload_null)
    __scatterload_zeroinit                   0x08003465   Thumb Code    14  handlers.o(i.__scatterload_zeroinit)
    __set_errno                              0x08003475   Thumb Code     6  errno.o(i.__set_errno)
    _is_digit                                0x08003481   Thumb Code    14  scanf_fp.o(i._is_digit)
    cal_vel_ref                              0x08003491   Thumb Code   144  main.o(i.cal_vel_ref)
    main                                     0x0800352d   Thumb Code   142  main.o(i.main)
    position_cal                             0x080035d1   Thumb Code   258  main.o(i.position_cal)
    sensorCheck                              0x080036e9   Thumb Code    82  main.o(i.sensorCheck)
    AHBPrescTable                            0x0800374c   Data          16  system_stm32f4xx.o(.constdata)
    APBPrescTable                            0x0800375c   Data           8  system_stm32f4xx.o(.constdata)
    __ctype_categories                       0x08003764   Data          64  ctype_c.o(.constdata)
    Region$$Table$$Base                      0x080037a4   Number         0  anon$$obj.o(Region$$Table)
    Region$$Table$$Limit                     0x080037c4   Number         0  anon$$obj.o(Region$$Table)
    rx_data                                  0x20000000   Data           1  main.o(.data)
    rx_index                                 0x20000004   Data           4  main.o(.data)
    pulse_counter1                           0x20000008   Data           4  main.o(.data)
    pulse_counter2                           0x2000000c   Data           4  main.o(.data)
    pulse_counter3                           0x20000010   Data           4  main.o(.data)
    pulse_counter4                           0x20000014   Data           4  main.o(.data)
    M_PI                                     0x20000018   Data           4  main.o(.data)
    vx                                       0x2000001c   Data           4  main.o(.data)
    vy                                       0x20000020   Data           4  main.o(.data)
    w_angle                                  0x20000024   Data           4  main.o(.data)
    w_reference1_temp                        0x20000028   Data           4  main.o(.data)
    w_reference2_temp                        0x2000002c   Data           4  main.o(.data)
    w_reference3_temp                        0x20000030   Data           4  main.o(.data)
    w_reference4_temp                        0x20000034   Data           4  main.o(.data)
    w_reference1                             0x20000038   Data           4  main.o(.data)
    w_reference2                             0x2000003c   Data           4  main.o(.data)
    w_reference3                             0x20000040   Data           4  main.o(.data)
    w_reference4                             0x20000044   Data           4  main.o(.data)
    w1                                       0x20000048   Data           4  main.o(.data)
    w2                                       0x2000004c   Data           4  main.o(.data)
    w3                                       0x20000050   Data           4  main.o(.data)
    w4                                       0x20000054   Data           4  main.o(.data)
    e1                                       0x20000058   Data           4  main.o(.data)
    e2                                       0x2000005c   Data           4  main.o(.data)
    e3                                       0x20000060   Data           4  main.o(.data)
    e4                                       0x20000064   Data           4  main.o(.data)
    pre_e1                                   0x20000068   Data           4  main.o(.data)
    pre_e2                                   0x2000006c   Data           4  main.o(.data)
    pre_e3                                   0x20000070   Data           4  main.o(.data)
    pre_e4                                   0x20000074   Data           4  main.o(.data)
    lx                                       0x20000078   Data           4  main.o(.data)
    ly                                       0x2000007c   Data           4  main.o(.data)
    kP                                       0x20000080   Data           4  main.o(.data)
    kI                                       0x20000084   Data           4  main.o(.data)
    kD                                       0x20000088   Data           4  main.o(.data)
    pPart1                                   0x2000008c   Data           4  main.o(.data)
    pPart2                                   0x20000090   Data           4  main.o(.data)
    pPart3                                   0x20000094   Data           4  main.o(.data)
    pPart4                                   0x20000098   Data           4  main.o(.data)
    iPart1                                   0x2000009c   Data           4  main.o(.data)
    iPart2                                   0x200000a0   Data           4  main.o(.data)
    iPart3                                   0x200000a4   Data           4  main.o(.data)
    iPart4                                   0x200000a8   Data           4  main.o(.data)
    dPart1                                   0x200000ac   Data           4  main.o(.data)
    dPart2                                   0x200000b0   Data           4  main.o(.data)
    dPart3                                   0x200000b4   Data           4  main.o(.data)
    dPart4                                   0x200000b8   Data           4  main.o(.data)
    PID_signal1                              0x200000bc   Data           4  main.o(.data)
    PID_signal2                              0x200000c0   Data           4  main.o(.data)
    PID_signal3                              0x200000c4   Data           4  main.o(.data)
    PID_signal4                              0x200000c8   Data           4  main.o(.data)
    signal_pos1                              0x200000cc   Data           4  main.o(.data)
    signal_neg1                              0x200000d0   Data           4  main.o(.data)
    signal_pos2                              0x200000d4   Data           4  main.o(.data)
    signal_neg2                              0x200000d8   Data           4  main.o(.data)
    signal_pos3                              0x200000dc   Data           4  main.o(.data)
    signal_neg3                              0x200000e0   Data           4  main.o(.data)
    signal_pos4                              0x200000e4   Data           4  main.o(.data)
    signal_neg4                              0x200000e8   Data           4  main.o(.data)
    w1_rad                                   0x200000ec   Data           4  main.o(.data)
    w2_rad                                   0x200000f0   Data           4  main.o(.data)
    w3_rad                                   0x200000f4   Data           4  main.o(.data)
    w4_rad                                   0x200000f8   Data           4  main.o(.data)
    v_wheel1                                 0x200000fc   Data           4  main.o(.data)
    v_wheel2                                 0x20000100   Data           4  main.o(.data)
    v_wheel3                                 0x20000104   Data           4  main.o(.data)
    v_wheel4                                 0x20000108   Data           4  main.o(.data)
    flag                                     0x2000010c   Data           4  main.o(.data)
    Sensor1                                  0x20000110   Data           4  main.o(.data)
    Sensor2                                  0x20000114   Data           4  main.o(.data)
    uwTickFreq                               0x20000118   Data           1  stm32f4xx_hal.o(.data)
    uwTickPrio                               0x2000011c   Data           4  stm32f4xx_hal.o(.data)
    uwTick                                   0x20000120   Data           4  stm32f4xx_hal.o(.data)
    SystemCoreClock                          0x20000124   Data           4  system_stm32f4xx.o(.data)
    htim3                                    0x2000012c   Data          72  main.o(.bss)
    htim4                                    0x20000174   Data          72  main.o(.bss)
    htim5                                    0x200001bc   Data          72  main.o(.bss)
    htim9                                    0x20000204   Data          72  main.o(.bss)
    htim12                                   0x2000024c   Data          72  main.o(.bss)
    htim14                                   0x20000294   Data          72  main.o(.bss)
    huart3                                   0x200002dc   Data          68  main.o(.bss)
    rx_buffer                                0x20000320   Data          25  main.o(.bss)
    hdma_usart3_rx                           0x2000033c   Data          96  main.o(.bss)
    __initial_sp                             0x200007a0   Data           0  startup_stm32f407xx.o(STACK)



==============================================================================

Memory Map of the image

  Image Entry point : 0x08000189

  Load Region LR_IROM1 (Base: 0x08000000, Size: 0x000038f0, Max: 0x00100000, ABSOLUTE, COMPRESSED[0x000037ec])

    Execution Region ER_IROM1 (Exec base: 0x08000000, Load base: 0x08000000, Size: 0x000037c4, Max: 0x00100000, ABSOLUTE)

    Exec Addr    Load Addr    Size         Type   Attr      Idx    E Section Name        Object

    0x08000000   0x08000000   0x00000188   Data   RO            3    RESET               startup_stm32f407xx.o
    0x08000188   0x08000188   0x00000000   Code   RO         2958  * .ARM.Collect$$$$00000000  mc_w.l(entry.o)
    0x08000188   0x08000188   0x00000004   Code   RO         2973    .ARM.Collect$$$$00000001  mc_w.l(entry2.o)
    0x0800018c   0x0800018c   0x00000004   Code   RO         2976    .ARM.Collect$$$$00000004  mc_w.l(entry5.o)
    0x08000190   0x08000190   0x00000000   Code   RO         2978    .ARM.Collect$$$$00000008  mc_w.l(entry7b.o)
    0x08000190   0x08000190   0x00000000   Code   RO         2980    .ARM.Collect$$$$0000000A  mc_w.l(entry8b.o)
    0x08000190   0x08000190   0x00000008   Code   RO         2981    .ARM.Collect$$$$0000000B  mc_w.l(entry9a.o)
    0x08000198   0x08000198   0x00000000   Code   RO         2983    .ARM.Collect$$$$0000000D  mc_w.l(entry10a.o)
    0x08000198   0x08000198   0x00000000   Code   RO         2985    .ARM.Collect$$$$0000000F  mc_w.l(entry11a.o)
    0x08000198   0x08000198   0x00000004   Code   RO         2974    .ARM.Collect$$$$00002712  mc_w.l(entry2.o)
    0x0800019c   0x0800019c   0x00000024   Code   RO            4    .text               startup_stm32f407xx.o
    0x080001c0   0x080001c0   0x00000062   Code   RO         2961    .text               mc_w.l(uldiv.o)
    0x08000222   0x08000222   0x00000024   Code   RO         2963    .text               mc_w.l(memseta.o)
    0x08000246   0x08000246   0x0000014e   Code   RO         2965    .text               mf_w.l(dadd.o)
    0x08000394   0x08000394   0x000000e4   Code   RO         2967    .text               mf_w.l(dmul.o)
    0x08000478   0x08000478   0x00000026   Code   RO         2969    .text               mf_w.l(f2d.o)
    0x0800049e   0x0800049e   0x00000038   Code   RO         2971    .text               mf_w.l(d2f.o)
    0x080004d6   0x080004d6   0x0000001e   Code   RO         2987    .text               mc_w.l(llshl.o)
    0x080004f4   0x080004f4   0x00000020   Code   RO         2989    .text               mc_w.l(llushr.o)
    0x08000514   0x08000514   0x00000024   Code   RO         2991    .text               mc_w.l(llsshr.o)
    0x08000538   0x08000538   0x0000009c   Code   RO         3000    .text               mc_w.l(strtod.o)
    0x080005d4   0x080005d4   0x00000000   Code   RO         3002    .text               mc_w.l(iusefp.o)
    0x080005d4   0x080005d4   0x0000006e   Code   RO         3003    .text               mf_w.l(fepilogue.o)
    0x08000642   0x08000642   0x000000ba   Code   RO         3005    .text               mf_w.l(depilogue.o)
    0x080006fc   0x080006fc   0x00000024   Code   RO         3007    .text               mc_w.l(init.o)
    0x08000720   0x08000720   0x0000000a   Code   RO         3009    .text               mc_w.l(isspace_c.o)
    0x0800072a   0x0800072a   0x00000002   PAD
    0x0800072c   0x0800072c   0x00000360   Code   RO         3011    .text               mc_w.l(scanf_fp.o)
    0x08000a8c   0x08000a8c   0x00000040   Code   RO         3015    .text               mc_w.l(_sgetc.o)
    0x08000acc   0x08000acc   0x00000028   Code   RO         3017    .text               mc_w.l(ctype_c.o)
    0x08000af4   0x08000af4   0x000000de   Code   RO         3020    .text               mf_w.l(ddiv.o)
    0x08000bd2   0x08000bd2   0x00000018   Code   RO         3022    .text               mf_w.l(dfltul.o)
    0x08000bea   0x08000bea   0x0000003a   Code   RO         3032    .text               mc_w.l(__dczerorl.o)
    0x08000c24   0x08000c24   0x00000002   Code   RO          288    i.BusFault_Handler  stm32f4xx_it.o
    0x08000c26   0x08000c26   0x00000002   PAD
    0x08000c28   0x08000c28   0x0000000c   Code   RO          289    i.DMA1_Stream1_IRQHandler  stm32f4xx_it.o
    0x08000c34   0x08000c34   0x00000028   Code   RO         1887    i.DMA_CalcBaseAndBitshift  stm32f4xx_hal_dma.o
    0x08000c5c   0x08000c5c   0x00000054   Code   RO         1888    i.DMA_CheckFifoParam  stm32f4xx_hal_dma.o
    0x08000cb0   0x08000cb0   0x00000028   Code   RO         1889    i.DMA_SetConfig     stm32f4xx_hal_dma.o
    0x08000cd8   0x08000cd8   0x00000002   Code   RO          290    i.DebugMon_Handler  stm32f4xx_it.o
    0x08000cda   0x08000cda   0x0000001e   Code   RO          291    i.EXTI15_10_IRQHandler  stm32f4xx_it.o
    0x08000cf8   0x08000cf8   0x00000008   Code   RO          292    i.EXTI9_5_IRQHandler  stm32f4xx_it.o
    0x08000d00   0x08000d00   0x00000002   Code   RO           13    i.Error_Handler     main.o
    0x08000d02   0x08000d02   0x00000002   PAD
    0x08000d04   0x08000d04   0x000001a0   Code   RO         1895    i.HAL_DMA_IRQHandler  stm32f4xx_hal_dma.o
    0x08000ea4   0x08000ea4   0x000000d4   Code   RO         1896    i.HAL_DMA_Init      stm32f4xx_hal_dma.o
    0x08000f78   0x08000f78   0x0000006e   Code   RO         1900    i.HAL_DMA_Start_IT  stm32f4xx_hal_dma.o
    0x08000fe6   0x08000fe6   0x00000002   PAD
    0x08000fe8   0x08000fe8   0x00000090   Code   RO           14    i.HAL_GPIO_EXTI_Callback  main.o
    0x08001078   0x08001078   0x00000018   Code   RO         1782    i.HAL_GPIO_EXTI_IRQHandler  stm32f4xx_hal_gpio.o
    0x08001090   0x08001090   0x000001f0   Code   RO         1783    i.HAL_GPIO_Init     stm32f4xx_hal_gpio.o
    0x08001280   0x08001280   0x0000000a   Code   RO         1785    i.HAL_GPIO_ReadPin  stm32f4xx_hal_gpio.o
    0x0800128a   0x0800128a   0x0000000a   Code   RO         1787    i.HAL_GPIO_WritePin  stm32f4xx_hal_gpio.o
    0x08001294   0x08001294   0x0000000c   Code   RO         2315    i.HAL_GetTick       stm32f4xx_hal.o
    0x080012a0   0x080012a0   0x00000010   Code   RO         2321    i.HAL_IncTick       stm32f4xx_hal.o
    0x080012b0   0x080012b0   0x00000034   Code   RO         2322    i.HAL_Init          stm32f4xx_hal.o
    0x080012e4   0x080012e4   0x00000040   Code   RO         2323    i.HAL_InitTick      stm32f4xx_hal.o
    0x08001324   0x08001324   0x00000030   Code   RO          388    i.HAL_MspInit       stm32f4xx_hal_msp.o
    0x08001354   0x08001354   0x0000001a   Code   RO         2172    i.HAL_NVIC_EnableIRQ  stm32f4xx_hal_cortex.o
    0x0800136e   0x0800136e   0x00000002   PAD
    0x08001370   0x08001370   0x00000040   Code   RO         2178    i.HAL_NVIC_SetPriority  stm32f4xx_hal_cortex.o
    0x080013b0   0x080013b0   0x00000024   Code   RO         2179    i.HAL_NVIC_SetPriorityGrouping  stm32f4xx_hal_cortex.o
    0x080013d4   0x080013d4   0x00000134   Code   RO         1429    i.HAL_RCC_ClockConfig  stm32f4xx_hal_rcc.o
    0x08001508   0x08001508   0x00000020   Code   RO         1436    i.HAL_RCC_GetPCLK1Freq  stm32f4xx_hal_rcc.o
    0x08001528   0x08001528   0x00000020   Code   RO         1437    i.HAL_RCC_GetPCLK2Freq  stm32f4xx_hal_rcc.o
    0x08001548   0x08001548   0x00000064   Code   RO         1438    i.HAL_RCC_GetSysClockFreq  stm32f4xx_hal_rcc.o
    0x080015ac   0x080015ac   0x0000036c   Code   RO         1441    i.HAL_RCC_OscConfig  stm32f4xx_hal_rcc.o
    0x08001918   0x08001918   0x00000028   Code   RO         2183    i.HAL_SYSTICK_Config  stm32f4xx_hal_cortex.o
    0x08001940   0x08001940   0x00000002   Code   RO         1161    i.HAL_TIMEx_BreakCallback  stm32f4xx_hal_tim_ex.o
    0x08001942   0x08001942   0x00000002   Code   RO         1162    i.HAL_TIMEx_CommutCallback  stm32f4xx_hal_tim_ex.o
    0x08001944   0x08001944   0x00000090   Code   RO         1180    i.HAL_TIMEx_MasterConfigSynchronization  stm32f4xx_hal_tim_ex.o
    0x080019d4   0x080019d4   0x0000005a   Code   RO          457    i.HAL_TIM_Base_Init  stm32f4xx_hal_tim.o
    0x08001a2e   0x08001a2e   0x00000002   PAD
    0x08001a30   0x08001a30   0x000000a8   Code   RO          390    i.HAL_TIM_Base_MspInit  stm32f4xx_hal_msp.o
    0x08001ad8   0x08001ad8   0x00000080   Code   RO          462    i.HAL_TIM_Base_Start_IT  stm32f4xx_hal_tim.o
    0x08001b58   0x08001b58   0x000000dc   Code   RO          466    i.HAL_TIM_ConfigClockSource  stm32f4xx_hal_tim.o
    0x08001c34   0x08001c34   0x00000002   Code   RO          491    i.HAL_TIM_IC_CaptureCallback  stm32f4xx_hal_tim.o
    0x08001c36   0x08001c36   0x00000166   Code   RO          505    i.HAL_TIM_IRQHandler  stm32f4xx_hal_tim.o
    0x08001d9c   0x08001d9c   0x00000108   Code   RO          391    i.HAL_TIM_MspPostInit  stm32f4xx_hal_msp.o
    0x08001ea4   0x08001ea4   0x00000002   Code   RO          508    i.HAL_TIM_OC_DelayElapsedCallback  stm32f4xx_hal_tim.o
    0x08001ea6   0x08001ea6   0x000000cc   Code   RO          529    i.HAL_TIM_PWM_ConfigChannel  stm32f4xx_hal_tim.o
    0x08001f72   0x08001f72   0x0000005a   Code   RO          532    i.HAL_TIM_PWM_Init  stm32f4xx_hal_tim.o
    0x08001fcc   0x08001fcc   0x00000028   Code   RO          393    i.HAL_TIM_PWM_MspInit  stm32f4xx_hal_msp.o
    0x08001ff4   0x08001ff4   0x00000002   Code   RO          535    i.HAL_TIM_PWM_PulseFinishedCallback  stm32f4xx_hal_tim.o
    0x08001ff6   0x08001ff6   0x00000002   PAD
    0x08001ff8   0x08001ff8   0x000000c8   Code   RO          537    i.HAL_TIM_PWM_Start  stm32f4xx_hal_tim.o
    0x080020c0   0x080020c0   0x000000e4   Code   RO           15    i.HAL_TIM_PeriodElapsedCallback  main.o
    0x080021a4   0x080021a4   0x00000002   Code   RO          548    i.HAL_TIM_TriggerCallback  stm32f4xx_hal_tim.o
    0x080021a6   0x080021a6   0x00000002   Code   RO         2571    i.HAL_UARTEx_RxEventCallback  stm32f4xx_hal_uart.o
    0x080021a8   0x080021a8   0x00000002   Code   RO         2585    i.HAL_UART_ErrorCallback  stm32f4xx_hal_uart.o
    0x080021aa   0x080021aa   0x00000062   Code   RO         2589    i.HAL_UART_Init     stm32f4xx_hal_uart.o
    0x0800220c   0x0800220c   0x000000a0   Code   RO          395    i.HAL_UART_MspInit  stm32f4xx_hal_msp.o
    0x080022ac   0x080022ac   0x0000002a   Code   RO         2593    i.HAL_UART_Receive_DMA  stm32f4xx_hal_uart.o
    0x080022d6   0x080022d6   0x00000002   PAD
    0x080022d8   0x080022d8   0x00000090   Code   RO           16    i.HAL_UART_RxCpltCallback  main.o
    0x08002368   0x08002368   0x00000002   Code   RO         2596    i.HAL_UART_RxHalfCpltCallback  stm32f4xx_hal_uart.o
    0x0800236a   0x0800236a   0x00000002   Code   RO          293    i.HardFault_Handler  stm32f4xx_it.o
    0x0800236c   0x0800236c   0x00000040   Code   RO           17    i.Init_Motor1       main.o
    0x080023ac   0x080023ac   0x00000040   Code   RO           18    i.Init_Motor2       main.o
    0x080023ec   0x080023ec   0x00000044   Code   RO           19    i.Init_Motor3       main.o
    0x08002430   0x08002430   0x00000040   Code   RO           20    i.Init_Motor4       main.o
    0x08002470   0x08002470   0x0000018c   Code   RO           21    i.MX_GPIO_Init      main.o
    0x080025fc   0x080025fc   0x00000050   Code   RO           22    i.MX_TIM12_Init     main.o
    0x0800264c   0x0800264c   0x00000054   Code   RO           23    i.MX_TIM14_Init     main.o
    0x080026a0   0x080026a0   0x00000084   Code   RO           24    i.MX_TIM3_Init      main.o
    0x08002724   0x08002724   0x00000054   Code   RO           25    i.MX_TIM4_Init      main.o
    0x08002778   0x08002778   0x00000084   Code   RO           26    i.MX_TIM5_Init      main.o
    0x080027fc   0x080027fc   0x00000074   Code   RO           27    i.MX_TIM9_Init      main.o
    0x08002870   0x08002870   0x00000002   Code   RO          294    i.MemManage_Handler  stm32f4xx_it.o
    0x08002872   0x08002872   0x00000002   Code   RO          295    i.NMI_Handler       stm32f4xx_it.o
    0x08002874   0x08002874   0x00000148   Code   RO           28    i.PID_controller_wheel1  main.o
    0x080029bc   0x080029bc   0x00000148   Code   RO           29    i.PID_controller_wheel2  main.o
    0x08002b04   0x08002b04   0x00000148   Code   RO           30    i.PID_controller_wheel3  main.o
    0x08002c4c   0x08002c4c   0x00000148   Code   RO           31    i.PID_controller_wheel4  main.o
    0x08002d94   0x08002d94   0x00000002   Code   RO          296    i.PendSV_Handler    stm32f4xx_it.o
    0x08002d96   0x08002d96   0x00000002   Code   RO          297    i.SVC_Handler       stm32f4xx_it.o
    0x08002d98   0x08002d98   0x00000004   Code   RO          298    i.SysTick_Handler   stm32f4xx_it.o
    0x08002d9c   0x08002d9c   0x00000070   Code   RO           32    i.SystemClock_Config  main.o
    0x08002e0c   0x08002e0c   0x00000010   Code   RO         2918    i.SystemInit        system_stm32f4xx.o
    0x08002e1c   0x08002e1c   0x0000000c   Code   RO          299    i.TIM4_IRQHandler   stm32f4xx_it.o
    0x08002e28   0x08002e28   0x000000c8   Code   RO          550    i.TIM_Base_SetConfig  stm32f4xx_hal_tim.o
    0x08002ef0   0x08002ef0   0x0000001a   Code   RO          551    i.TIM_CCxChannelCmd  stm32f4xx_hal_tim.o
    0x08002f0a   0x08002f0a   0x00000014   Code   RO          561    i.TIM_ETR_SetConfig  stm32f4xx_hal_tim.o
    0x08002f1e   0x08002f1e   0x00000010   Code   RO          562    i.TIM_ITRx_SetConfig  stm32f4xx_hal_tim.o
    0x08002f2e   0x08002f2e   0x00000002   PAD
    0x08002f30   0x08002f30   0x00000060   Code   RO          563    i.TIM_OC1_SetConfig  stm32f4xx_hal_tim.o
    0x08002f90   0x08002f90   0x0000006c   Code   RO          564    i.TIM_OC2_SetConfig  stm32f4xx_hal_tim.o
    0x08002ffc   0x08002ffc   0x00000068   Code   RO          565    i.TIM_OC3_SetConfig  stm32f4xx_hal_tim.o
    0x08003064   0x08003064   0x00000050   Code   RO          566    i.TIM_OC4_SetConfig  stm32f4xx_hal_tim.o
    0x080030b4   0x080030b4   0x00000022   Code   RO          568    i.TIM_TI1_ConfigInputStage  stm32f4xx_hal_tim.o
    0x080030d6   0x080030d6   0x00000024   Code   RO          570    i.TIM_TI2_ConfigInputStage  stm32f4xx_hal_tim.o
    0x080030fa   0x080030fa   0x0000004a   Code   RO         2603    i.UART_DMAError     stm32f4xx_hal_uart.o
    0x08003144   0x08003144   0x00000082   Code   RO         2604    i.UART_DMAReceiveCplt  stm32f4xx_hal_uart.o
    0x080031c6   0x080031c6   0x0000001a   Code   RO         2606    i.UART_DMARxHalfCplt  stm32f4xx_hal_uart.o
    0x080031e0   0x080031e0   0x0000004e   Code   RO         2612    i.UART_EndRxTransfer  stm32f4xx_hal_uart.o
    0x0800322e   0x0800322e   0x0000001c   Code   RO         2613    i.UART_EndTxTransfer  stm32f4xx_hal_uart.o
    0x0800324a   0x0800324a   0x00000002   PAD
    0x0800324c   0x0800324c   0x0000010c   Code   RO         2615    i.UART_SetConfig    stm32f4xx_hal_uart.o
    0x08003358   0x08003358   0x00000090   Code   RO         2616    i.UART_Start_Receive_DMA  stm32f4xx_hal_uart.o
    0x080033e8   0x080033e8   0x00000002   Code   RO          300    i.UsageFault_Handler  stm32f4xx_it.o
    0x080033ea   0x080033ea   0x00000020   Code   RO         2185    i.__NVIC_SetPriority  stm32f4xx_hal_cortex.o
    0x0800340a   0x0800340a   0x00000006   PAD
    0x08003410   0x08003410   0x00000038   Code   RO         2952    i.__hardfp_atof     m_wm.l(atof.o)
    0x08003448   0x08003448   0x0000000c   Code   RO         2994    i.__read_errno      mc_w.l(errno.o)
    0x08003454   0x08003454   0x0000000e   Code   RO         3026    i.__scatterload_copy  mc_w.l(handlers.o)
    0x08003462   0x08003462   0x00000002   Code   RO         3027    i.__scatterload_null  mc_w.l(handlers.o)
    0x08003464   0x08003464   0x0000000e   Code   RO         3028    i.__scatterload_zeroinit  mc_w.l(handlers.o)
    0x08003472   0x08003472   0x00000002   PAD
    0x08003474   0x08003474   0x0000000c   Code   RO         2995    i.__set_errno       mc_w.l(errno.o)
    0x08003480   0x08003480   0x0000000e   Code   RO         3013    i._is_digit         mc_w.l(scanf_fp.o)
    0x0800348e   0x0800348e   0x00000002   PAD
    0x08003490   0x08003490   0x0000009c   Code   RO           33    i.cal_vel_ref       main.o
    0x0800352c   0x0800352c   0x000000a4   Code   RO           34    i.main              main.o
    0x080035d0   0x080035d0   0x00000118   Code   RO           35    i.position_cal      main.o
    0x080036e8   0x080036e8   0x0000005c   Code   RO           36    i.sensorCheck       main.o
    0x08003744   0x08003744   0x00000008   Data   RO         1902    .constdata          stm32f4xx_hal_dma.o
    0x0800374c   0x0800374c   0x00000010   Data   RO         2919    .constdata          system_stm32f4xx.o
    0x0800375c   0x0800375c   0x00000008   Data   RO         2920    .constdata          system_stm32f4xx.o
    0x08003764   0x08003764   0x00000040   Data   RO         3018    .constdata          mc_w.l(ctype_c.o)
    0x080037a4   0x080037a4   0x00000020   Data   RO         3024    Region$$Table       anon$$obj.o


    Execution Region RW_IRAM2 (Exec base: 0x10000000, Load base: 0x080037ec, Size: 0x00000000, Max: 0x00010000, ABSOLUTE)

    **** No section assigned to this execution region ****


    Execution Region RW_IRAM1 (Exec base: 0x20000000, Load base: 0x080037c4, Size: 0x000007a0, Max: 0x00020000, ABSOLUTE, COMPRESSED[0x00000028])

    Exec Addr    Load Addr    Size         Type   Attr      Idx    E Section Name        Object

    0x20000000   COMPRESSED   0x00000118   Data   RW           42    .data               main.o
    0x20000118   COMPRESSED   0x0000000c   Data   RW         2329    .data               stm32f4xx_hal.o
    0x20000124   COMPRESSED   0x00000004   Data   RW         2921    .data               system_stm32f4xx.o
    0x20000128   COMPRESSED   0x00000004   Data   RW         2996    .data               mc_w.l(errno.o)
    0x2000012c        -       0x0000020d   Zero   RW           37    .bss                main.o
    0x20000339   COMPRESSED   0x00000003   PAD
    0x2000033c        -       0x00000060   Zero   RW           38    .bss                main.o
    0x2000039c   COMPRESSED   0x00000004   PAD
    0x200003a0        -       0x00000400   Zero   RW            1    STACK               startup_stm32f407xx.o


==============================================================================

Image component sizes


      Code (inc. data)   RO Data    RW Data    ZI Data      Debug   Object Name

      3918        388          0        280        621     708961   main.o
        36          8        392          0       1024        860   startup_stm32f407xx.o
       144         24          0         12          0       8949   stm32f4xx_hal.o
       198         14          0          0          0      34103   stm32f4xx_hal_cortex.o
       902         16          8          0          0       5991   stm32f4xx_hal_dma.o
       540         52          0          0          0       3610   stm32f4xx_hal_gpio.o
       680        100          0          0          0       4237   stm32f4xx_hal_msp.o
      1348         76          0          0          0       5396   stm32f4xx_hal_rcc.o
      2018        136          0          0          0      16944   stm32f4xx_hal_tim.o
       148         28          0          0          0       2561   stm32f4xx_hal_tim_ex.o
       894         24          0          0          0       8808   stm32f4xx_hal_uart.o
        82         12          0          0          0       6446   stm32f4xx_it.o
        16          4         24          4          0       1207   system_stm32f4xx.o

    ----------------------------------------------------------------------
     10948        882        456        296       1652     808073   Object Totals
         0          0         32          0          0          0   (incl. Generated)
        24          0          0          0          7          0   (incl. Padding)

    ----------------------------------------------------------------------

      Code (inc. data)   RO Data    RW Data    ZI Data      Debug   Library Member Name

        56         12          0          0          0        132   atof.o
        58          0          0          0          0          0   __dczerorl.o
        64          0          0          0          0         84   _sgetc.o
        40          6         64          0          0         68   ctype_c.o
         0          0          0          0          0          0   entry.o
         0          0          0          0          0          0   entry10a.o
         0          0          0          0          0          0   entry11a.o
         8          4          0          0          0          0   entry2.o
         4          0          0          0          0          0   entry5.o
         0          0          0          0          0          0   entry7b.o
         0          0          0          0          0          0   entry8b.o
         8          4          0          0          0          0   entry9a.o
        24         12          0          4          0        136   errno.o
        30          0          0          0          0          0   handlers.o
        36          8          0          0          0         68   init.o
        10          0          0          0          0         68   isspace_c.o
         0          0          0          0          0          0   iusefp.o
        30          0          0          0          0         68   llshl.o
        36          0          0          0          0         68   llsshr.o
        32          0          0          0          0         68   llushr.o
        36          0          0          0          0        108   memseta.o
       878         12          0          0          0        216   scanf_fp.o
       156         12          0          0          0        120   strtod.o
        98          0          0          0          0         92   uldiv.o
        56          0          0          0          0         88   d2f.o
       334          0          0          0          0        148   dadd.o
       222          0          0          0          0        100   ddiv.o
       186          0          0          0          0        176   depilogue.o
        24          0          0          0          0         76   dfltul.o
       228          0          0          0          0         96   dmul.o
        38          0          0          0          0         68   f2d.o
       110          0          0          0          0        168   fepilogue.o

    ----------------------------------------------------------------------
      2808         70         64          4          0       2216   Library Totals
         6          0          0          0          0          0   (incl. Padding)

    ----------------------------------------------------------------------

      Code (inc. data)   RO Data    RW Data    ZI Data      Debug   Library Name

        56         12          0          0          0        132   m_wm.l
      1548         58         64          4          0       1164   mc_w.l
      1198          0          0          0          0        920   mf_w.l

    ----------------------------------------------------------------------
      2808         70         64          4          0       2216   Library Totals

    ----------------------------------------------------------------------

==============================================================================


      Code (inc. data)   RO Data    RW Data    ZI Data      Debug   

     13756        952        520        300       1652     800037   Grand Totals
     13756        952        520         40       1652     800037   ELF Image Totals (compressed)
     13756        952        520         40          0          0   ROM Totals

==============================================================================

    Total RO  Size (Code + RO Data)                14276 (  13.94kB)
    Total RW  Size (RW Data + ZI Data)              1952 (   1.91kB)
    Total ROM Size (Code + RO Data + RW Data)      14316 (  13.98kB)

==============================================================================

