<html>
<body>
<pre>
<h1>µVision Build Log</h1>
<h2>Tool Versions:</h2>
IDE-Version: µVision V5.36.0.0
Copyright (C) 2021 ARM Ltd and ARM Germany GmbH. All rights reserved.
License Information: Ha Duc, MTA, LIC=585FJ-UCKL2-CXVU6-DBJ4S-QI6FN-TP5AP
 
Tool Versions:
Toolchain:       MDK-ARM Plus  Version: 5.36.0.0
Toolchain Path:  C:\Keil_v5\ARM\ARMCC\Bin
C Compiler:      Armcc.exe V5.06 update 7 (build 960)
Assembler:       Armasm.exe V5.06 update 7 (build 960)
Linker/Locator:  ArmLink.exe V5.06 update 7 (build 960)
Library Manager: ArmAr.exe V5.06 update 7 (build 960)
Hex Converter:   FromElf.exe V5.06 update 7 (build 960)
CPU DLL:         SARMCM3.DLL V5.36.0.0
Dialog DLL:      DCM.DLL V1.17.3.0
Target DLL:      STLink\ST-LINKIII-KEIL_SWO.dll V3.0.9.0
Dialog DLL:      TCM.DLL V1.53.0.0
 
<h2>Project:</h2>
D:\DC motor project\mecanum_robot _final\mecanum_robot _final\MDK-ARM\mecanum_robot.uvprojx
Project File Date:  07/19/2022

<h2>Output:</h2>
*** Using Compiler 'V5.06 update 7 (build 960)', folder: 'C:\Keil_v5\ARM\ARMCC\Bin'
Build target 'mecanum_robot'
compiling main.c...
../Core/Src/main.c(121): warning:  #188-D: enumerated type mixed with another type
  	HAL_GPIO_WritePin(GPIOE, GPIO_PIN_2, 1);			//bridge1 EN_R
../Core/Src/main.c(122): warning:  #188-D: enumerated type mixed with another type
  	HAL_GPIO_WritePin(GPIOE, GPIO_PIN_3, 1);			//bridge1 EN_L
../Core/Src/main.c(135): warning:  #188-D: enumerated type mixed with another type
  	HAL_GPIO_WritePin(GPIOE, GPIO_PIN_11, 1);			//bridge1 EN_R
../Core/Src/main.c(136): warning:  #188-D: enumerated type mixed with another type
  	HAL_GPIO_WritePin(GPIOE, GPIO_PIN_10, 1);			//bridge1 EN_L
../Core/Src/main.c(150): warning:  #188-D: enumerated type mixed with another type
  	HAL_GPIO_WritePin(GPIOD, GPIO_PIN_8, 1);			//bridge1 EN_R
../Core/Src/main.c(151): warning:  #188-D: enumerated type mixed with another type
  	HAL_GPIO_WritePin(GPIOD, GPIO_PIN_9, 1);			//bridge1 EN_L
../Core/Src/main.c(164): warning:  #188-D: enumerated type mixed with another type
  	HAL_GPIO_WritePin(GPIOB, GPIO_PIN_3, 1);			//bridge1 EN_R
../Core/Src/main.c(165): warning:  #188-D: enumerated type mixed with another type
  	HAL_GPIO_WritePin(GPIOG, GPIO_PIN_15, 1);			//bridge1 EN_L
../Core/Src/main.c(268): warning:  #188-D: enumerated type mixed with another type
        HAL_GPIO_WritePin(Relay_GPIO_Port, Relay_Pin, 1);
../Core/Src/main.c(274): warning:  #188-D: enumerated type mixed with another type
        HAL_GPIO_WritePin(Relay_GPIO_Port, Relay_Pin, 0);
../Core/Src/main.c(846): warning:  #1035-D: single-precision operand implicitly converted to double-precision
  	w1 = (float)(pulse_counter1)*2.609;
../Core/Src/main.c(857): warning:  #1035-D: single-precision operand implicitly converted to double-precision
  		iPart1 += kI*e1*0.1;
../Core/Src/main.c(879): warning:  #1035-D: single-precision operand implicitly converted to double-precision
  	w2 = (float)(pulse_counter2)*2.609;
../Core/Src/main.c(890): warning:  #1035-D: single-precision operand implicitly converted to double-precision
  		iPart2 += kI*e2*0.1;
../Core/Src/main.c(912): warning:  #1035-D: single-precision operand implicitly converted to double-precision
  	w3 = (float)(pulse_counter3)*2.609;
../Core/Src/main.c(923): warning:  #1035-D: single-precision operand implicitly converted to double-precision
  		iPart3 += kI*e3*0.1;
../Core/Src/main.c(945): warning:  #1035-D: single-precision operand implicitly converted to double-precision
  	w4 = (float)(pulse_counter4)*2.609;
../Core/Src/main.c(956): warning:  #1035-D: single-precision operand implicitly converted to double-precision
  		iPart4 += kI*e4*0.1;
../Core/Src/main.c(980): warning:  #1035-D: single-precision operand implicitly converted to double-precision
  	w1 = (float)(pulse_counter1)*2.609;
../Core/Src/main.c(981): warning:  #1035-D: single-precision operand implicitly converted to double-precision
  	w2 = (float)(pulse_counter2)*2.609;
../Core/Src/main.c(982): warning:  #1035-D: single-precision operand implicitly converted to double-precision
  	w3 = (float)(pulse_counter3)*2.609;
../Core/Src/main.c(983): warning:  #1035-D: single-precision operand implicitly converted to double-precision
  	w4 = (float)(pulse_counter4)*2.609;
../Core/Src/main.c: 22 warnings, 0 errors
linking...
Program Size: Code=16580 RO-data=520 RW-data=304 ZI-data=1592  
FromELF: creating hex file...
"mecanum_robot\mecanum_robot.axf" - 0 Error(s), 22 Warning(s).

<h2>Software Packages used:</h2>

Package Vendor: ARM
                http://www.keil.com/pack/ARM.CMSIS.5.8.0.pack
                ARM.CMSIS.5.8.0
                CMSIS (Common Microcontroller Software Interface Standard)
   * Component: CORE Version: 5.5.0

Package Vendor: Keil
                http://www.keil.com/pack/Keil.STM32F4xx_DFP.2.16.0.pack
                Keil.STM32F4xx_DFP.2.16.0
                STMicroelectronics STM32F4 Series Device Support, Drivers and Examples

<h2>Collection of Component include folders:</h2>
  .\RTE\_mecanum_robot
  C:\Keil_v5\ARM\PACK\ARM\CMSIS\5.8.0\CMSIS\Core\Include
  C:\Keil_v5\ARM\PACK\Keil\STM32F4xx_DFP\2.16.0\Drivers\CMSIS\Device\ST\STM32F4xx\Include

<h2>Collection of Component Files used:</h2>

   * Component: ARM::CMSIS:CORE:5.5.0
      Include file:  CMSIS\Core\Include\tz_context.h
Build Time Elapsed:  00:00:04
</pre>
</body>
</html>
